Component: ARM Compiler 5.05 update 1 (build 106) Tool: armlink [4d0efa]

==============================================================================

Section Cross References

    main.o(i.DelayS) refers to systick.o(i.SysTickValueGet) for SysTickValueGet
    main.o(i.DelayS) refers to main.o(.data) for .data
    main.o(i.GPIOInit) refers to sysctl.o(i.SysCtlPeripheralEnable) for SysCtlPeripheralEnable
    main.o(i.GPIOInit) refers to led.o(i.LED_Initialize) for LED_Initialize
    main.o(i.LCDInit) refers to main.o(i.delay) for delay
    main.o(i.LCDInit) refers to main.o(i.write_com) for write_com
    main.o(i.PortInit) refers to sysctl.o(i.SysCtlPeripheralEnable) for SysCtlPeripheralEnable
    main.o(i.PortInit) refers to gpio.o(i.GPIOPinTypeGPIOOutput) for GPIOPinTypeGPIOOutput
    main.o(i.PortInit) refers to gpio.o(i.GPIOPinWrite) for GPIOPinWrite
    main.o(i.SysTickInit) refers to systick.o(i.SysTickPeriodSet) for SysTickPeriodSet
    main.o(i.SysTickInit) refers to systick.o(i.SysTickEnable) for SysTickEnable
    main.o(i.SysTickInit) refers to main.o(.data) for .data
    main.o(i._disstring) refers to main.o(i.write_data) for write_data
    main.o(i.addSourceLine) refers to main.o(i.findLine) for findLine
    main.o(i.addSourceLine) refers to strcpy.o(.text) for strcpy
    main.o(i.addSourceLine) refers to main.o(.data) for .data
    main.o(i.addSourceLine) refers to main.o(.bss) for .bss
    main.o(i.aiddisstring) refers to strlen.o(.text) for strlen
    main.o(i.aiddisstring) refers to main.o(i._disstring) for _disstring
    main.o(i.aiddisstring) refers to main.o(i.write_data) for write_data
    main.o(i.aiddisstring) refers to main.o(i.delay) for delay
    main.o(i.aiddisstring) refers to main.o(i.changeline) for changeline
    main.o(i.aiddisstring) refers to main.o(.data) for .data
    main.o(i.aiddisstring2) refers to strlen.o(.text) for strlen
    main.o(i.aiddisstring2) refers to main.o(i._disstring) for _disstring
    main.o(i.aiddisstring2) refers to main.o(i.write_data) for write_data
    main.o(i.aiddisstring2) refers to main.o(i.delay) for delay
    main.o(i.aiddisstring2) refers to main.o(i.changeline) for changeline
    main.o(i.aiddisstring2) refers to main.o(.data) for .data
    main.o(i.changeline) refers to main.o(i.write_com) for write_com
    main.o(i.changeline) refers to main.o(i.delay) for delay
    main.o(i.clearscreen) refers to main.o(i.write_com) for write_com
    main.o(i.clearscreen) refers to main.o(i.delay) for delay
    main.o(i.dispicture) refers to main.o(i.write_com) for write_com
    main.o(i.dispicture) refers to main.o(i.write_data) for write_data
    main.o(i.disstring) refers to main.o(i.aiddisstring) for aiddisstring
    main.o(i.disstring) refers to strcpy.o(.text) for strcpy
    main.o(i.disstring) refers to main.o(i.changeline) for changeline
    main.o(i.disstring) refers to main.o(i.aiddisstring2) for aiddisstring2
    main.o(i.disstring) refers to main.o(.data) for .data
    main.o(i.disstring) refers to main.o(.bss) for .bss
    main.o(i.evalExpession) refers to main.o(i.isDefined) for isDefined
    main.o(i.evalExpession) refers to main.o(i.getValue) for getValue
    main.o(i.evalExpession) refers to printf3.o(i.__0printf$3) for __2printf
    main.o(i.evalExpession) refers to main.o(i.disstring) for disstring
    main.o(i.evalExpession) refers to uart.o(i.Delay) for Delay
    main.o(i.evalExpession) refers to sysctl.o(i.SysCtlReset) for SysCtlReset
    main.o(i.evalExpession) refers to main.o(i.setValue) for setValue
    main.o(i.executeStatement) refers to main.o(i.evalExpession) for evalExpession
    main.o(i.executeStatement) refers to printf3.o(i.__0printf$3) for __2printf
    main.o(i.executeStatement) refers to main.o(i.disstring) for disstring
    main.o(i.executeStatement) refers to uart.o(i.UART_InString) for UART_InString
    main.o(i.executeStatement) refers to strlen.o(.text) for strlen
    main.o(i.executeStatement) refers to main.o(i.numCheck) for numCheck
    main.o(i.executeStatement) refers to uart.o(i.Delay) for Delay
    main.o(i.executeStatement) refers to atoi.o(.text) for atoi
    main.o(i.executeStatement) refers to main.o(i.setValue) for setValue
    main.o(i.executeStatement) refers to printf3.o(i.__0sprintf$3) for __2sprintf
    main.o(i.executeStatement) refers to main.o(i.isDefined) for isDefined
    main.o(i.executeStatement) refers to sysctl.o(i.SysCtlReset) for SysCtlReset
    main.o(i.executeStatement) refers to main.o(i.getValue) for getValue
    main.o(i.executeStatement) refers to main.o(i.high) for high
    main.o(i.executeStatement) refers to main.o(i.low) for low
    main.o(i.executeStatement) refers to main.o(i.DelayS) for DelayS
    main.o(i.executeStatement) refers to main.o(.data) for .data
    main.o(i.getNextLineNumber) refers to main.o(i.findLine) for findLine
[...]
    printf0.o(i.__0vsprintf$0) refers to printf0.o(i._printf_core) for _printf_core
    printf0.o(i.__0vsprintf$0) refers to printf0.o(i._sputc) for _sputc
    printf1.o(i.__0fprintf$1) refers to printf1.o(i._printf_core) for _printf_core
    printf1.o(i.__0fprintf$1) refers to uart.o(i.fputc) for fputc
    printf1.o(i.__0printf$1) refers to printf1.o(i._printf_core) for _printf_core
    printf1.o(i.__0printf$1) refers to uart.o(i.fputc) for fputc
    printf1.o(i.__0printf$1) refers to stdout.o(.data) for __stdout
    printf1.o(i.__0snprintf$1) refers to printf1.o(i._printf_core) for _printf_core
    printf1.o(i.__0snprintf$1) refers to printf1.o(i._snputc) for _snputc
    printf1.o(i.__0sprintf$1) refers to printf1.o(i._printf_core) for _printf_core
    printf1.o(i.__0sprintf$1) refers to printf1.o(i._sputc) for _sputc
    printf1.o(i.__0vfprintf$1) refers to printf1.o(i._printf_core) for _printf_core
    printf1.o(i.__0vfprintf$1) refers to uart.o(i.fputc) for fputc
    printf1.o(i.__0vprintf$1) refers to printf1.o(i._printf_core) for _printf_core
    printf1.o(i.__0vprintf$1) refers to uart.o(i.fputc) for fputc
    printf1.o(i.__0vprintf$1) refers to stdout.o(.data) for __stdout
    printf1.o(i.__0vsnprintf$1) refers to printf1.o(i._printf_core) for _printf_core
    printf1.o(i.__0vsnprintf$1) refers to printf1.o(i._snputc) for _snputc
    printf1.o(i.__0vsprintf$1) refers to printf1.o(i._printf_core) for _printf_core
    printf1.o(i.__0vsprintf$1) refers to printf1.o(i._sputc) for _sputc
    printf1.o(i._printf_core) refers to uidiv.o(.text) for __aeabi_uidivmod
    printf2.o(i.__0fprintf$2) refers to printf2.o(i._printf_core) for _printf_core
    printf2.o(i.__0fprintf$2) refers to uart.o(i.fputc) for fputc
    printf2.o(i.__0printf$2) refers to printf2.o(i._printf_core) for _printf_core
    printf2.o(i.__0printf$2) refers to uart.o(i.fputc) for fputc
    printf2.o(i.__0printf$2) refers to stdout.o(.data) for __stdout
    printf2.o(i.__0snprintf$2) refers to printf2.o(i._printf_core) for _printf_core
    printf2.o(i.__0snprintf$2) refers to printf2.o(i._snputc) for _snputc
    printf2.o(i.__0sprintf$2) refers to printf2.o(i._printf_core) for _printf_core
    printf2.o(i.__0sprintf$2) refers to printf2.o(i._sputc) for _sputc
    printf2.o(i.__0vfprintf$2) refers to printf2.o(i._printf_core) for _printf_core
    printf2.o(i.__0vfprintf$2) refers to uart.o(i.fputc) for fputc
    printf2.o(i.__0vprintf$2) refers to printf2.o(i._printf_core) for _printf_core
    printf2.o(i.__0vprintf$2) refers to uart.o(i.fputc) for fputc
    printf2.o(i.__0vprintf$2) refers to stdout.o(.data) for __stdout
    printf2.o(i.__0vsnprintf$2) refers to printf2.o(i._printf_core) for _printf_core
    printf2.o(i.__0vsnprintf$2) refers to printf2.o(i._snputc) for _snputc
    printf2.o(i.__0vsprintf$2) refers to printf2.o(i._printf_core) for _printf_core
    printf2.o(i.__0vsprintf$2) refers to printf2.o(i._sputc) for _sputc
    printf3.o(i.__0fprintf$3) refers to printf3.o(i._printf_core) for _printf_core
    printf3.o(i.__0fprintf$3) refers to uart.o(i.fputc) for fputc
    printf3.o(i.__0printf$3) refers to printf3.o(i._printf_core) for _printf_core
    printf3.o(i.__0printf$3) refers to uart.o(i.fputc) for fputc
    printf3.o(i.__0printf$3) refers to stdout.o(.data) for __stdout
    printf3.o(i.__0snprintf$3) refers to printf3.o(i._printf_core) for _printf_core
    printf3.o(i.__0snprintf$3) refers to printf3.o(i._snputc) for _snputc
    printf3.o(i.__0sprintf$3) refers to printf3.o(i._printf_core) for _printf_core
    printf3.o(i.__0sprintf$3) refers to printf3.o(i._sputc) for _sputc
    printf3.o(i.__0vfprintf$3) refers to printf3.o(i._printf_core) for _printf_core
    printf3.o(i.__0vfprintf$3) refers to uart.o(i.fputc) for fputc
    printf3.o(i.__0vprintf$3) refers to printf3.o(i._printf_core) for _printf_core
    printf3.o(i.__0vprintf$3) refers to uart.o(i.fputc) for fputc
    printf3.o(i.__0vprintf$3) refers to stdout.o(.data) for __stdout
    printf3.o(i.__0vsnprintf$3) refers to printf3.o(i._printf_core) for _printf_core
    printf3.o(i.__0vsnprintf$3) refers to printf3.o(i._snputc) for _snputc
    printf3.o(i.__0vsprintf$3) refers to printf3.o(i._printf_core) for _printf_core
    printf3.o(i.__0vsprintf$3) refers to printf3.o(i._sputc) for _sputc
    printf3.o(i._printf_core) refers to uidiv.o(.text) for __aeabi_uidivmod
    printf4.o(i.__0fprintf$4) refers to printf4.o(i._printf_core) for _printf_core
    printf4.o(i.__0fprintf$4) refers to uart.o(i.fputc) for fputc
    printf4.o(i.__0printf$4) refers to printf4.o(i._printf_core) for _printf_core
    printf4.o(i.__0printf$4) refers to uart.o(i.fputc) for fputc
    printf4.o(i.__0printf$4) refers to stdout.o(.data) for __stdout
    printf4.o(i.__0snprintf$4) refers to printf4.o(i._printf_core) for _printf_core
    printf4.o(i.__0snprintf$4) refers to printf4.o(i._snputc) for _snputc
    printf4.o(i.__0sprintf$4) refers to printf4.o(i._printf_core) for _printf_core
    printf4.o(i.__0sprintf$4) refers to printf4.o(i._sputc) for _sputc
    printf4.o(i.__0vfprintf$4) refers to printf4.o(i._printf_core) for _printf_core
    printf4.o(i.__0vfprintf$4) refers to uart.o(i.fputc) for fputc
    printf4.o(i.__0vprintf$4) refers to printf4.o(i._printf_core) for _printf_core
    printf4.o(i.__0vprintf$4) refers to uart.o(i.fputc) for fputc
    printf4.o(i.__0vprintf$4) refers to stdout.o(.data) for __stdout
    printf4.o(i.__0vsnprintf$4) refers to printf4.o(i._printf_core) for _printf_core
    printf4.o(i.__0vsnprintf$4) refers to printf4.o(i._snputc) for _snputc
    printf4.o(i.__0vsprintf$4) refers to printf4.o(i._printf_core) for _printf_core
    printf4.o(i.__0vsprintf$4) refers to printf4.o(i._sputc) for _sputc
    printf4.o(i._printf_core) refers to uldiv.o(.text) for __aeabi_uldivmod
    printf5.o(i.__0fprintf$5) refers to printf5.o(i._printf_core) for _printf_core
    printf5.o(i.__0fprintf$5) refers to uart.o(i.fputc) for fputc
    printf5.o(i.__0printf$5) refers to printf5.o(i._printf_core) for _printf_core
    printf5.o(i.__0printf$5) refers to uart.o(i.fputc) for fputc
    printf5.o(i.__0printf$5) refers to stdout.o(.data) for __stdout
    printf5.o(i.__0snprintf$5) refers to printf5.o(i._printf_core) for _printf_core
    printf5.o(i.__0snprintf$5) refers to printf5.o(i._snputc) for _snputc
    printf5.o(i.__0sprintf$5) refers to printf5.o(i._printf_core) for _printf_core
    printf5.o(i.__0sprintf$5) refers to printf5.o(i._sputc) for _sputc
    printf5.o(i.__0vfprintf$5) refers to printf5.o(i._printf_core) for _printf_core
    printf5.o(i.__0vfprintf$5) refers to uart.o(i.fputc) for fputc
    printf5.o(i.__0vprintf$5) refers to printf5.o(i._printf_core) for _printf_core
    printf5.o(i.__0vprintf$5) refers to uart.o(i.fputc) for fputc
    printf5.o(i.__0vprintf$5) refers to stdout.o(.data) for __stdout
    printf5.o(i.__0vsnprintf$5) refers to printf5.o(i._printf_core) for _printf_core
    printf5.o(i.__0vsnprintf$5) refers to printf5.o(i._snputc) for _snputc
    printf5.o(i.__0vsprintf$5) refers to printf5.o(i._printf_core) for _printf_core
    printf5.o(i.__0vsprintf$5) refers to printf5.o(i._sputc) for _sputc
    printf5.o(i._printf_core) refers to uldiv.o(.text) for __aeabi_uldivmod
    printf6.o(i.__0fprintf$6) refers to printf6.o(i._printf_core) for _printf_core
    printf6.o(i.__0fprintf$6) refers to uart.o(i.fputc) for fputc
    printf6.o(i.__0printf$6) refers to printf6.o(i._printf_core) for _printf_core
    printf6.o(i.__0printf$6) refers to uart.o(i.fputc) for fputc
    printf6.o(i.__0printf$6) refers to stdout.o(.data) for __stdout
    printf6.o(i.__0snprintf$6) refers to printf6.o(i._printf_core) for _printf_core
    printf6.o(i.__0snprintf$6) refers to printf6.o(i._snputc) for _snputc
    printf6.o(i.__0sprintf$6) refers to printf6.o(i._printf_core) for _printf_core
    printf6.o(i.__0sprintf$6) refers to printf6.o(i._sputc) for _sputc
    printf6.o(i.__0vfprintf$6) refers to printf6.o(i._printf_core) for _printf_core
    printf6.o(i.__0vfprintf$6) refers to uart.o(i.fputc) for fputc
    printf6.o(i.__0vprintf$6) refers to printf6.o(i._printf_core) for _printf_core
    printf6.o(i.__0vprintf$6) refers to uart.o(i.fputc) for fputc
    printf6.o(i.__0vprintf$6) refers to stdout.o(.data) for __stdout
    printf6.o(i.__0vsnprintf$6) refers to printf6.o(i._printf_core) for _printf_core
    printf6.o(i.__0vsnprintf$6) refers to printf6.o(i._snputc) for _snputc
    printf6.o(i.__0vsprintf$6) refers to printf6.o(i._printf_core) for _printf_core
    printf6.o(i.__0vsprintf$6) refers to printf6.o(i._sputc) for _sputc
    printf6.o(i._printf_core) refers to printf6.o(i._printf_pre_padding) for _printf_pre_padding
    printf6.o(i._printf_core) refers to uidiv.o(.text) for __aeabi_uidivmod
    printf6.o(i._printf_core) refers to printf6.o(i._printf_post_padding) for _printf_post_padding
    printf7.o(i.__0fprintf$7) refers to printf7.o(i._printf_core) for _printf_core
    printf7.o(i.__0fprintf$7) refers to uart.o(i.fputc) for fputc
    printf7.o(i.__0printf$7) refers to printf7.o(i._printf_core) for _printf_core
    printf7.o(i.__0printf$7) refers to uart.o(i.fputc) for fputc
    printf7.o(i.__0printf$7) refers to stdout.o(.data) for __stdout
    printf7.o(i.__0snprintf$7) refers to printf7.o(i._printf_core) for _printf_core
    printf7.o(i.__0snprintf$7) refers to printf7.o(i._snputc) for _snputc
    printf7.o(i.__0sprintf$7) refers to printf7.o(i._printf_core) for _printf_core
    printf7.o(i.__0sprintf$7) refers to printf7.o(i._sputc) for _sputc
    printf7.o(i.__0vfprintf$7) refers to printf7.o(i._printf_core) for _printf_core
    printf7.o(i.__0vfprintf$7) refers to uart.o(i.fputc) for fputc
    printf7.o(i.__0vprintf$7) refers to printf7.o(i._printf_core) for _printf_core
    printf7.o(i.__0vprintf$7) refers to uart.o(i.fputc) for fputc
    printf7.o(i.__0vprintf$7) refers to stdout.o(.data) for __stdout
    printf7.o(i.__0vsnprintf$7) refers to printf7.o(i._printf_core) for _printf_core
    printf7.o(i.__0vsnprintf$7) refers to printf7.o(i._snputc) for _snputc
    printf7.o(i.__0vsprintf$7) refers to printf7.o(i._printf_core) for _printf_core
    printf7.o(i.__0vsprintf$7) refers to printf7.o(i._sputc) for _sputc
    printf7.o(i._printf_core) refers to printf7.o(i._printf_pre_padding) for _printf_pre_padding
    printf7.o(i._printf_core) refers to uldiv.o(.text) for __aeabi_uldivmod
    printf7.o(i._printf_core) refers to printf7.o(i._printf_post_padding) for _printf_post_padding
    printf8.o(i.__0fprintf$8) refers to printf8.o(i._printf_core) for _printf_core
    printf8.o(i.__0fprintf$8) refers to uart.o(i.fputc) for fputc
    printf8.o(i.__0printf$8) refers to printf8.o(i._printf_core) for _printf_core
    printf8.o(i.__0printf$8) refers to uart.o(i.fputc) for fputc
    printf8.o(i.__0printf$8) refers to stdout.o(.data) for __stdout
    printf8.o(i.__0snprintf$8) refers to printf8.o(i._printf_core) for _printf_core
    printf8.o(i.__0snprintf$8) refers to printf8.o(i._snputc) for _snputc
    printf8.o(i.__0sprintf$8) refers to printf8.o(i._printf_core) for _printf_core
    printf8.o(i.__0sprintf$8) refers to printf8.o(i._sputc) for _sputc
    printf8.o(i.__0vfprintf$8) refers to printf8.o(i._printf_core) for _printf_core
    printf8.o(i.__0vfprintf$8) refers to uart.o(i.fputc) for fputc
    printf8.o(i.__0vprintf$8) refers to printf8.o(i._printf_core) for _printf_core
    printf8.o(i.__0vprintf$8) refers to uart.o(i.fputc) for fputc
    printf8.o(i.__0vprintf$8) refers to stdout.o(.data) for __stdout
    printf8.o(i.__0vsnprintf$8) refers to printf8.o(i._printf_core) for _printf_core
    printf8.o(i.__0vsnprintf$8) refers to printf8.o(i._snputc) for _snputc
    printf8.o(i.__0vsprintf$8) refers to printf8.o(i._printf_core) for _printf_core
    printf8.o(i.__0vsprintf$8) refers to printf8.o(i._sputc) for _sputc
    printf8.o(i._printf_core) refers to printf8.o(i._printf_pre_padding) for _printf_pre_padding
    printf8.o(i._printf_core) refers to uldiv.o(.text) for __aeabi_uldivmod
    printf8.o(i._printf_core) refers to printf8.o(i._printf_post_padding) for _printf_post_padding
    printfa.o(i.__0fprintf) refers (Special) to iusefp.o(.text) for __I$use$fp
    printfa.o(i.__0fprintf) refers to printfa.o(i._printf_core) for _printf_core
    printfa.o(i.__0fprintf) refers to uart.o(i.fputc) for fputc
    printfa.o(i.__0printf) refers (Special) to iusefp.o(.text) for __I$use$fp
    printfa.o(i.__0printf) refers to printfa.o(i._printf_core) for _printf_core
    printfa.o(i.__0printf) refers to uart.o(i.fputc) for fputc
    printfa.o(i.__0printf) refers to stdout.o(.data) for __stdout
    printfa.o(i.__0snprintf) refers (Special) to iusefp.o(.text) for __I$use$fp
    printfa.o(i.__0snprintf) refers to printfa.o(i._printf_core) for _printf_core
    printfa.o(i.__0snprintf) refers to printfa.o(i._snputc) for _snputc
    printfa.o(i.__0sprintf) refers (Special) to iusefp.o(.text) for __I$use$fp
    printfa.o(i.__0sprintf) refers to printfa.o(i._printf_core) for _printf_core
    printfa.o(i.__0sprintf) refers to printfa.o(i._sputc) for _sputc
    printfa.o(i.__0vfprintf) refers (Special) to iusefp.o(.text) for __I$use$fp
    printfa.o(i.__0vfprintf) refers to printfa.o(i._printf_core) for _printf_core
    printfa.o(i.__0vfprintf) refers to uart.o(i.fputc) for fputc
    printfa.o(i.__0vprintf) refers (Special) to iusefp.o(.text) for __I$use$fp
    printfa.o(i.__0vprintf) refers to printfa.o(i._printf_core) for _printf_core
    printfa.o(i.__0vprintf) refers to uart.o(i.fputc) for fputc
    printfa.o(i.__0vprintf) refers to stdout.o(.data) for __stdout
    printfa.o(i.__0vsnprintf) refers (Special) to iusefp.o(.text) for __I$use$fp
    printfa.o(i.__0vsnprintf) refers to printfa.o(i._printf_core) for _printf_core
    printfa.o(i.__0vsnprintf) refers to printfa.o(i._snputc) for _snputc
    printfa.o(i.__0vsprintf) refers (Special) to iusefp.o(.text) for __I$use$fp
    printfa.o(i.__0vsprintf) refers to printfa.o(i._printf_core) for _printf_core
    printfa.o(i.__0vsprintf) refers to printfa.o(i._sputc) for _sputc
    printfa.o(i._fp_digits) refers (Special) to iusefp.o(.text) for __I$use$fp
    printfa.o(i._fp_digits) refers to dmul.o(.text) for __aeabi_dmul
    printfa.o(i._fp_digits) refers to ddiv.o(.text) for __aeabi_ddiv
    printfa.o(i._fp_digits) refers to cdrcmple.o(.text) for __aeabi_cdrcmple
    printfa.o(i._fp_digits) refers to dadd.o(.text) for __aeabi_dadd
    printfa.o(i._fp_digits) refers to dfixul.o(.text) for __aeabi_d2ulz
    printfa.o(i._fp_digits) refers to uldiv.o(.text) for __aeabi_uldivmod
    printfa.o(i._printf_core) refers (Special) to iusefp.o(.text) for __I$use$fp
    printfa.o(i._printf_core) refers to printfa.o(i._printf_pre_padding) for _printf_pre_padding
    printfa.o(i._printf_core) refers to uldiv.o(.text) for __aeabi_uldivmod
    printfa.o(i._printf_core) refers to printfa.o(i._printf_post_padding) for _printf_post_padding
    printfa.o(i._printf_core) refers to printfa.o(i._fp_digits) for _fp_digits
    printfa.o(i._printf_core) refers to uidiv.o(.text) for __aeabi_uidivmod
    printfa.o(i._printf_post_padding) refers (Special) to iusefp.o(.text) for __I$use$fp
    printfa.o(i._printf_pre_padding) refers (Special) to iusefp.o(.text) for __I$use$fp
    printfa.o(i._snputc) refers (Special) to iusefp.o(.text) for __I$use$fp
    printfa.o(i._sputc) refers (Special) to iusefp.o(.text) for __I$use$fp
    malloc.o(i.free) refers to mvars.o(.data) for __microlib_freelist
    malloc.o(i.malloc) refers to mvars.o(.data) for __microlib_freelist_initialised
    malloc.o(i.malloc) refers to mvars.o(.data) for __microlib_freelist
    malloc.o(i.malloc) refers to startup_tm4c129.o(HEAP) for __heap_base
    mallocr.o(i.__free$realloc) refers to mvars.o(.data) for __microlib_freelist
    mallocr.o(i.__malloc$realloc) refers to mallocr.o(i.internal_alloc) for internal_alloc
    mallocr.o(i.__malloc$realloc) refers to mvars.o(.data) for __microlib_freelist_initialised
    mallocr.o(i.__malloc$realloc) refers to startup_tm4c129.o(HEAP) for __heap_base
    mallocr.o(i.__malloc$realloc) refers to mvars.o(.data) for __microlib_freelist
    mallocr.o(i.internal_alloc) refers to memcpya.o(.text) for __aeabi_memcpy
    mallocr.o(i.internal_alloc) refers to mvars.o(.data) for __microlib_freelist
    mallocr.o(i.realloc) refers to mallocr.o(i.__free$realloc) for __free$realloc
    mallocr.o(i.realloc) refers to mallocr.o(i.internal_alloc) for internal_alloc
    mallocr.o(i.realloc) refers to mallocr.o(i.__malloc$realloc) for __malloc$realloc
    mallocr.o(i.realloc) refers to mvars.o(.data) for __microlib_freelist
    malloca.o(i.__aligned_malloc) refers to mvars.o(.data) for __microlib_freelist_initialised
    malloca.o(i.__aligned_malloc) refers to mvars.o(.data) for __microlib_freelist
    malloca.o(i.__aligned_malloc) refers to startup_tm4c129.o(HEAP) for __heap_base
    malloca.o(i.__free$memalign) refers to mvars.o(.data) for __microlib_freelist
    malloca.o(i.__malloc$memalign) refers to malloca.o(i.__aligned_malloc) for __aligned_malloc
    mallocra.o(i.__aligned_malloc$realloc) refers to mallocra.o(i.internal_alloc) for internal_alloc
    mallocra.o(i.__aligned_malloc$realloc) refers to mvars.o(.data) for __microlib_freelist_initialised
    mallocra.o(i.__aligned_malloc$realloc) refers to startup_tm4c129.o(HEAP) for __heap_base
    mallocra.o(i.__aligned_malloc$realloc) refers to mvars.o(.data) for __microlib_freelist
    mallocra.o(i.__free$realloc$memalign) refers to mvars.o(.data) for __microlib_freelist
    mallocra.o(i.__malloc$realloc$memalign) refers to mallocra.o(i.__aligned_malloc$realloc) for __aligned_malloc$realloc
    mallocra.o(i.__realloc$memalign) refers to mallocra.o(i.__free$realloc$memalign) for __free$realloc$memalign
    mallocra.o(i.__realloc$memalign) refers to mallocra.o(i.internal_alloc) for internal_alloc
    mallocra.o(i.__realloc$memalign) refers to mallocra.o(i.__malloc$realloc$memalign) for __malloc$realloc$memalign
    mallocra.o(i.__realloc$memalign) refers to mvars.o(.data) for __microlib_freelist
    mallocra.o(i.internal_alloc) refers to memcpya.o(.text) for __aeabi_memcpy
    mallocra.o(i.internal_alloc) refers to mvars.o(.data) for __microlib_freelist
    atoi.o(.text) refers to errno.o(i.__aeabi_errno_addr) for __aeabi_errno_addr
    atoi.o(.text) refers to strtol.o(.text) for strtol
    entry2.o(.ARM.Collect$$$$00000001) refers to entry2.o(.ARM.Collect$$$$00002712) for __lit__00000000
    entry2.o(.ARM.Collect$$$$00002712) refers to startup_tm4c129.o(STACK) for __initial_sp
    entry2.o(__vectab_stack_and_reset_area) refers to startup_tm4c129.o(STACK) for __initial_sp
    entry2.o(__vectab_stack_and_reset_area) refers to entry.o(.ARM.Collect$$$$00000000) for __main
    entry5.o(.ARM.Collect$$$$00000004) refers to init.o(.text) for __scatterload
    entry9a.o(.ARM.Collect$$$$0000000B) refers to main.o(i.main) for main
    entry9b.o(.ARM.Collect$$$$0000000C) refers to main.o(i.main) for main
    uldiv.o(.text) refers to llushr.o(.text) for __aeabi_llsr
    uldiv.o(.text) refers to llshl.o(.text) for __aeabi_llsl
    errno.o(i.__aeabi_errno_addr) refers to errno.o(.data) for .data
    errno.o(i.__read_errno) refers to errno.o(.data) for .data
    errno.o(i.__set_errno) refers to errno.o(.data) for .data
    strtol.o(.text) refers to ctype_o.o(.text) for __rt_ctype_table
    strtol.o(.text) refers to _strtoul.o(.text) for _strtoul
    strtol.o(.text) refers to errno.o(i.__aeabi_errno_addr) for __aeabi_errno_addr
    dadd.o(.text) refers to llshl.o(.text) for __aeabi_llsl
    dadd.o(.text) refers to llsshr.o(.text) for __aeabi_lasr
    dadd.o(.text) refers to depilogue.o(.text) for _double_epilogue
    dmul.o(.text) refers to depilogue.o(.text) for _double_epilogue
    ddiv.o(.text) refers to depilogue.o(.text) for _double_round
    dfixul.o(.text) refers to llushr.o(.text) for __aeabi_llsr
    dfixul.o(.text) refers to llshl.o(.text) for __aeabi_llsl
    init.o(.text) refers to entry5.o(.ARM.Collect$$$$00000004) for __main_after_scatterload
    _strtoul.o(.text) refers to _chval.o(.text) for _chval
    _strtoul.o(.text) refers to errno.o(i.__aeabi_errno_addr) for __aeabi_errno_addr
    depilogue.o(.text) refers to llshl.o(.text) for __aeabi_llsl
    depilogue.o(.text) refers to llushr.o(.text) for __aeabi_llsr


==============================================================================

Removing Unused input sections from the image.

    Removing main.o(i.clearscreen), (20 bytes).
    Removing main.o(i.dispicture), (86 bytes).
    Removing main.o(i.initEval), (8 bytes).
    Removing main.o(i.initProg), (8 bytes).
    Removing uart.o(i.ferror), (6 bytes).
    Removing uart.o(i.fgetc), (4 bytes).
    Removing led.o(.rev16_text), (4 bytes).
    Removing led.o(.revsh_text), (4 bytes).
    Removing led.o(.rrx_text), (6 bytes).
    Removing led.o(i.LED_Out), (36 bytes).
    Removing startup_tm4c129.o(HEAP), (512 bytes).
    Removing system_tm4c129.o(.rev16_text), (4 bytes).
    Removing system_tm4c129.o(.revsh_text), (4 bytes).
    Removing system_tm4c129.o(.rrx_text), (6 bytes).
    Removing system_tm4c129.o(i.SystemCoreClockUpdate), (16 bytes).
    Removing gpio.o(i.GPIOADCTriggerDisable), (14 bytes).
    Removing gpio.o(i.GPIOADCTriggerEnable), (14 bytes).
    Removing gpio.o(i.GPIODMATriggerDisable), (14 bytes).
    Removing gpio.o(i.GPIODMATriggerEnable), (14 bytes).
    Removing gpio.o(i.GPIODirModeGet), (34 bytes).
    Removing gpio.o(i.GPIOGetIntNumber), (212 bytes).
    Removing gpio.o(i.GPIOIntTypeGet), (48 bytes).
    Removing gpio.o(i.GPIOIntTypeSet), (58 bytes).
    Removing gpio.o(i.GPIOPadConfigGet), (140 bytes).
    Removing gpio.o(i.GPIOPinConfigure), (72 bytes).
    Removing gpio.o(i.GPIOPinIntClear), (6 bytes).
    Removing gpio.o(i.GPIOPinIntDisable), (14 bytes).
    Removing gpio.o(i.GPIOPinIntEnable), (14 bytes).
    Removing gpio.o(i.GPIOPinIntStatus), (14 bytes).
    Removing gpio.o(i.GPIOPinRead), (6 bytes).
    Removing gpio.o(i.GPIOPinTypeADC), (28 bytes).
    Removing gpio.o(i.GPIOPinTypeCAN), (28 bytes).
    Removing gpio.o(i.GPIOPinTypeComparator), (28 bytes).
    Removing gpio.o(i.GPIOPinTypeEPI), (28 bytes).
    Removing gpio.o(i.GPIOPinTypeEthernetLED), (28 bytes).
    Removing gpio.o(i.GPIOPinTypeEthernetMII), (28 bytes).
    Removing gpio.o(i.GPIOPinTypeFan), (28 bytes).
    Removing gpio.o(i.GPIOPinTypeGPIOInput), (28 bytes).
    Removing gpio.o(i.GPIOPinTypeGPIOOutputOD), (28 bytes).
    Removing gpio.o(i.GPIOPinTypeI2C), (28 bytes).
    Removing gpio.o(i.GPIOPinTypeI2CSCL), (132 bytes).
    Removing gpio.o(i.GPIOPinTypeI2S), (28 bytes).
    Removing gpio.o(i.GPIOPinTypeLPC), (28 bytes).
    Removing gpio.o(i.GPIOPinTypePECIRx), (28 bytes).
    Removing gpio.o(i.GPIOPinTypePECITx), (28 bytes).
    Removing gpio.o(i.GPIOPinTypePWM), (28 bytes).
    Removing gpio.o(i.GPIOPinTypeQEI), (28 bytes).
    Removing gpio.o(i.GPIOPinTypeSSI), (28 bytes).
    Removing gpio.o(i.GPIOPinTypeTimer), (28 bytes).
    Removing gpio.o(i.GPIOPinTypeUART), (28 bytes).
    Removing gpio.o(i.GPIOPinTypeUSBAnalog), (28 bytes).
    Removing gpio.o(i.GPIOPinTypeUSBDigital), (28 bytes).
    Removing gpio.o(i.GPIOPortIntRegister), (26 bytes).
    Removing gpio.o(i.GPIOPortIntUnregister), (22 bytes).
    Removing gpio.o(.constdata), (120 bytes).
    Removing sysctl.o(.emb_text), (6 bytes).
    Removing sysctl.o(i.SysCtlADCSpeedGet), (16 bytes).
    Removing sysctl.o(i.SysCtlADCSpeedSet), (28 bytes).
    Removing sysctl.o(i.SysCtlBrownOutConfigSet), (16 bytes).
    Removing sysctl.o(i.SysCtlClkVerificationClear), (16 bytes).
    Removing sysctl.o(i.SysCtlClockGet), (560 bytes).
    Removing sysctl.o(i.SysCtlClockSet), (332 bytes).
    Removing sysctl.o(i.SysCtlDeepSleep), (32 bytes).
    Removing sysctl.o(i.SysCtlDeepSleepClockSet), (12 bytes).
    Removing sysctl.o(i.SysCtlFlashSizeGet), (20 bytes).
    Removing sysctl.o(i.SysCtlGPIOAHBDisable), (20 bytes).
    Removing sysctl.o(i.SysCtlGPIOAHBEnable), (16 bytes).
    Removing sysctl.o(i.SysCtlI2SMClkSet), (216 bytes).
    Removing sysctl.o(i.SysCtlIOSCVerificationSet), (24 bytes).
    Removing sysctl.o(i.SysCtlIntClear), (12 bytes).
    Removing sysctl.o(i.SysCtlIntDisable), (16 bytes).
    Removing sysctl.o(i.SysCtlIntEnable), (16 bytes).
    Removing sysctl.o(i.SysCtlIntRegister), (20 bytes).
    Removing sysctl.o(i.SysCtlIntStatus), (16 bytes).
    Removing sysctl.o(i.SysCtlIntUnregister), (18 bytes).
    Removing sysctl.o(i.SysCtlLDOConfigSet), (12 bytes).
    Removing sysctl.o(i.SysCtlLDOGet), (12 bytes).
    Removing sysctl.o(i.SysCtlLDOSet), (12 bytes).
    Removing sysctl.o(i.SysCtlMOSCConfigSet), (12 bytes).
    Removing sysctl.o(i.SysCtlMOSCVerificationSet), (24 bytes).
    Removing sysctl.o(i.SysCtlPIOSCCalibrate), (76 bytes).
    Removing sysctl.o(i.SysCtlPLLVerificationSet), (24 bytes).
    Removing sysctl.o(i.SysCtlPWMClockGet), (24 bytes).
    Removing sysctl.o(i.SysCtlPWMClockSet), (20 bytes).
    Removing sysctl.o(i.SysCtlPeripheralClockGating), (24 bytes).
    Removing sysctl.o(i.SysCtlPeripheralDeepSleepDisable), (80 bytes).
    Removing sysctl.o(i.SysCtlPeripheralDeepSleepEnable), (80 bytes).
    Removing sysctl.o(i.SysCtlPeripheralDisable), (80 bytes).
    Removing sysctl.o(i.SysCtlPeripheralPowerOff), (72 bytes).
    Removing sysctl.o(i.SysCtlPeripheralPowerOn), (72 bytes).
    Removing sysctl.o(i.SysCtlPeripheralPresent), (112 bytes).
    Removing sysctl.o(i.SysCtlPeripheralReady), (72 bytes).
    Removing sysctl.o(i.SysCtlPeripheralReset), (120 bytes).
    Removing sysctl.o(i.SysCtlPeripheralSleepDisable), (80 bytes).
    Removing sysctl.o(i.SysCtlPeripheralSleepEnable), (80 bytes).
    Removing sysctl.o(i.SysCtlPinPresent), (16 bytes).
    Removing sysctl.o(i.SysCtlResetCauseClear), (16 bytes).
    Removing sysctl.o(i.SysCtlResetCauseGet), (12 bytes).
    Removing sysctl.o(i.SysCtlSRAMSizeGet), (20 bytes).
    Removing sysctl.o(i.SysCtlSleep), (4 bytes).
    Removing sysctl.o(i.SysCtlUSBPLLDisable), (16 bytes).
    Removing sysctl.o(i.SysCtlUSBPLLEnable), (16 bytes).
    Removing sysctl.o(.data), (4 bytes).
    Removing sysctl.o(.data), (4 bytes).
    Removing sysctl.o(.data), (4 bytes).
    Removing sysctl.o(.data), (1 bytes).
    Removing systick.o(i.SysTickDisable), (14 bytes).
    Removing systick.o(i.SysTickIntDisable), (14 bytes).
    Removing systick.o(i.SysTickIntEnable), (14 bytes).
    Removing systick.o(i.SysTickIntRegister), (24 bytes).
    Removing systick.o(i.SysTickIntUnregister), (18 bytes).
    Removing systick.o(i.SysTickPeriodGet), (10 bytes).
    Removing cpu.o(.emb_text), (38 bytes).
    Removing interrupt.o(i.IntDefaultHandler), (2 bytes).
    Removing interrupt.o(i.IntDisable), (100 bytes).
    Removing interrupt.o(i.IntEnable), (100 bytes).
    Removing interrupt.o(i.IntIsEnabled), (96 bytes).
    Removing interrupt.o(i.IntMasterDisable), (10 bytes).
    Removing interrupt.o(i.IntMasterEnable), (10 bytes).
    Removing interrupt.o(i.IntPendClear), (68 bytes).
    Removing interrupt.o(i.IntPendSet), (84 bytes).
    Removing interrupt.o(i.IntPriorityGet), (28 bytes).
    Removing interrupt.o(i.IntPriorityGroupingGet), (40 bytes).
    Removing interrupt.o(i.IntPriorityGroupingSet), (28 bytes).
    Removing interrupt.o(i.IntPriorityMaskGet), (4 bytes).
    Removing interrupt.o(i.IntPriorityMaskSet), (4 bytes).
    Removing interrupt.o(i.IntPrioritySet), (40 bytes).
    Removing interrupt.o(i.IntRegister), (52 bytes).
    Removing interrupt.o(i.IntUnregister), (20 bytes).
    Removing interrupt.o(.constdata), (268 bytes).
    Removing interrupt.o(vtable), (620 bytes).
    Removing dadd.o(.text), (334 bytes).
    Removing dmul.o(.text), (228 bytes).
    Removing ddiv.o(.text), (222 bytes).
    Removing dfixul.o(.text), (48 bytes).
    Removing cdrcmple.o(.text), (48 bytes).
    Removing depilogue.o(.text), (186 bytes).

137 unused section(s) (total 7671 bytes) removed from the image.

==============================================================================

Image Symbol Table

    Local Symbols

    Symbol Name                              Value     Ov Type        Size  Object(Section)

    RESET                                    0x00000000   Section      512  startup_tm4c129.o(RESET)
    ../clib/microlib/ctype/ctype.c           0x00000000   Number         0  isalpha_o.o ABSOLUTE
    ../clib/microlib/ctype/ctype.c           0x00000000   Number         0  ispunct_o.o ABSOLUTE
    ../clib/microlib/ctype/ctype.c           0x00000000   Number         0  islower_o.o ABSOLUTE
    ../clib/microlib/ctype/ctype.c           0x00000000   Number         0  isdigit_o.o ABSOLUTE
    ../clib/microlib/ctype/ctype.c           0x00000000   Number         0  isblank_o.o ABSOLUTE
    ../clib/microlib/ctype/ctype.c           0x00000000   Number         0  isxdigit_o.o ABSOLUTE
    ../clib/microlib/ctype/ctype.c           0x00000000   Number         0  iscntrl_o.o ABSOLUTE
    ../clib/microlib/ctype/ctype.c           0x00000000   Number         0  isprint_o.o ABSOLUTE
    ../clib/microlib/ctype/ctype.c           0x00000000   Number         0  isspace_o.o ABSOLUTE
    ../clib/microlib/ctype/ctype.c           0x00000000   Number         0  isalnum_o.o ABSOLUTE
    ../clib/microlib/ctype/ctype.c           0x00000000   Number         0  isgraph_o.o ABSOLUTE
    ../clib/microlib/ctype/ctype.c           0x00000000   Number         0  ctype_o.o ABSOLUTE
    ../clib/microlib/ctype/ctype.c           0x00000000   Number         0  isupper_o.o ABSOLUTE
    ../clib/microlib/division.c              0x00000000   Number         0  uldiv.o ABSOLUTE
    ../clib/microlib/division.c              0x00000000   Number         0  uidiv.o ABSOLUTE
    ../clib/microlib/errno.c                 0x00000000   Number         0  errno.o ABSOLUTE
    ../clib/microlib/init/entry.s            0x00000000   Number         0  entry5.o ABSOLUTE
    ../clib/microlib/init/entry.s            0x00000000   Number         0  entry2.o ABSOLUTE
    ../clib/microlib/init/entry.s            0x00000000   Number         0  entry7b.o ABSOLUTE
    ../clib/microlib/init/entry.s            0x00000000   Number         0  entry11b.o ABSOLUTE
    ../clib/microlib/init/entry.s            0x00000000   Number         0  entry11a.o ABSOLUTE
    ../clib/microlib/init/entry.s            0x00000000   Number         0  entry.o ABSOLUTE
    ../clib/microlib/init/entry.s            0x00000000   Number         0  entry10b.o ABSOLUTE
    ../clib/microlib/init/entry.s            0x00000000   Number         0  entry10a.o ABSOLUTE
    ../clib/microlib/init/entry.s            0x00000000   Number         0  entry9b.o ABSOLUTE
    ../clib/microlib/init/entry.s            0x00000000   Number         0  entry9a.o ABSOLUTE
    ../clib/microlib/init/entry.s            0x00000000   Number         0  entry8b.o ABSOLUTE
    ../clib/microlib/init/entry.s            0x00000000   Number         0  entry8a.o ABSOLUTE
    ../clib/microlib/init/entry.s            0x00000000   Number         0  entry7a.o ABSOLUTE
    ../clib/microlib/longlong.c              0x00000000   Number         0  llshl.o ABSOLUTE
    ../clib/microlib/longlong.c              0x00000000   Number         0  llushr.o ABSOLUTE
    ../clib/microlib/longlong.c              0x00000000   Number         0  llsshr.o ABSOLUTE
    ../clib/microlib/malloc/malloc.c         0x00000000   Number         0  mallocr.o ABSOLUTE
    ../clib/microlib/malloc/malloc.c         0x00000000   Number         0  malloc.o ABSOLUTE
    ../clib/microlib/malloc/malloc.c         0x00000000   Number         0  malloca.o ABSOLUTE
    ../clib/microlib/malloc/malloc.c         0x00000000   Number         0  mallocra.o ABSOLUTE
    ../clib/microlib/malloc/mvars.c          0x00000000   Number         0  mvars.o ABSOLUTE
    ../clib/microlib/printf/printf.c         0x00000000   Number         0  printfa.o ABSOLUTE
    ../clib/microlib/printf/printf.c         0x00000000   Number         0  printf8.o ABSOLUTE
    ../clib/microlib/printf/printf.c         0x00000000   Number         0  printf7.o ABSOLUTE
    ../clib/microlib/printf/printf.c         0x00000000   Number         0  printf6.o ABSOLUTE
    ../clib/microlib/printf/printf.c         0x00000000   Number         0  printf5.o ABSOLUTE
    ../clib/microlib/printf/printf.c         0x00000000   Number         0  printf4.o ABSOLUTE
    ../clib/microlib/printf/printf.c         0x00000000   Number         0  printf3.o ABSOLUTE
    ../clib/microlib/printf/printf.c         0x00000000   Number         0  printf0.o ABSOLUTE
    ../clib/microlib/printf/printf.c         0x00000000   Number         0  printfb.o ABSOLUTE
    ../clib/microlib/printf/printf.c         0x00000000   Number         0  printf1.o ABSOLUTE
    ../clib/microlib/printf/printf.c         0x00000000   Number         0  printf2.o ABSOLUTE
    ../clib/microlib/printf/stubs.s          0x00000000   Number         0  stubs.o ABSOLUTE
    ../clib/microlib/stdio/streams.c         0x00000000   Number         0  stdout.o ABSOLUTE
    ../clib/microlib/string/memcpy.c         0x00000000   Number         0  memcpyb.o ABSOLUTE
    ../clib/microlib/string/memcpy.c         0x00000000   Number         0  memcpya.o ABSOLUTE
    ../clib/microlib/string/strcat.c         0x00000000   Number         0  strcat.o ABSOLUTE
    ../clib/microlib/string/strcmp.c         0x00000000   Number         0  strcmp.o ABSOLUTE
    ../clib/microlib/string/strcpy.c         0x00000000   Number         0  strcpy.o ABSOLUTE
    ../clib/microlib/string/strlen.c         0x00000000   Number         0  strlen.o ABSOLUTE
    ../clib/microlib/string/strstr.c         0x00000000   Number         0  strstr.o ABSOLUTE
    ../clib/microlib/string/strtok.c         0x00000000   Number         0  strtok.o ABSOLUTE
    ../clib/microlib/string/strtok.c         0x00000000   Number         0  strtok_r.o ABSOLUTE
    ../clib/microlib/stubs.s                 0x00000000   Number         0  iusefp.o ABSOLUTE
    ../clib/scanf.c                          0x00000000   Number         0  atoi.o ABSOLUTE
    ../clib/scanf.c                          0x00000000   Number         0  _chval.o ABSOLUTE
    ../clib/scanf.c                          0x00000000   Number         0  _strtoul.o ABSOLUTE
    ../clib/scanf.c                          0x00000000   Number         0  strtol.o ABSOLUTE
    ../fplib/microlib/fpadd.c                0x00000000   Number         0  dadd.o ABSOLUTE
    ../fplib/microlib/fpdiv.c                0x00000000   Number         0  ddiv.o ABSOLUTE
    ../fplib/microlib/fpepilogue.c           0x00000000   Number         0  depilogue.o ABSOLUTE
    ../fplib/microlib/fpfix.c                0x00000000   Number         0  dfixul.o ABSOLUTE
    ../fplib/microlib/fpmul.c                0x00000000   Number         0  dmul.o ABSOLUTE
    LED.c                                    0x00000000   Number         0  led.o ABSOLUTE
    LED.c                                    0x00000000   Number         0  led.o ABSOLUTE
    RTE\Device\TM4C1294NCPDT\startup_TM4C129.s 0x00000000   Number         0  startup_tm4c129.o ABSOLUTE
    RTE\Device\TM4C1294NCPDT\system_TM4C129.c 0x00000000   Number         0  system_tm4c129.o ABSOLUTE
    RTE\\Device\\TM4C1294NCPDT\\system_TM4C129.c 0x00000000   Number         0  system_tm4c129.o ABSOLUTE
    UART.c                                   0x00000000   Number         0  uart.o ABSOLUTE
    cdrcmple.s                               0x00000000   Number         0  cdrcmple.o ABSOLUTE
    cpu.c                                    0x00000000   Number         0  cpu.o ABSOLUTE
    cpu.c                                    0x00000000   Number         0  cpu.o ABSOLUTE
    dc.s                                     0x00000000   Number         0  dc.o ABSOLUTE
    gpio.c                                   0x00000000   Number         0  gpio.o ABSOLUTE
    handlers.s                               0x00000000   Number         0  handlers.o ABSOLUTE
    init.s                                   0x00000000   Number         0  init.o ABSOLUTE
    interrupt.c                              0x00000000   Number         0  interrupt.o ABSOLUTE
    main.c                                   0x00000000   Number         0  main.o ABSOLUTE
    sysctl.c                                 0x00000000   Number         0  sysctl.o ABSOLUTE
    sysctl.c                                 0x00000000   Number         0  sysctl.o ABSOLUTE
    systick.c                                0x00000000   Number         0  systick.o ABSOLUTE
    .ARM.Collect$$$$00000000                 0x00000200   Section        0  entry.o(.ARM.Collect$$$$00000000)
    .ARM.Collect$$$$00000001                 0x00000200   Section        4  entry2.o(.ARM.Collect$$$$00000001)
    .ARM.Collect$$$$00000004                 0x00000204   Section        4  entry5.o(.ARM.Collect$$$$00000004)
    .ARM.Collect$$$$00000008                 0x00000208   Section        0  entry7b.o(.ARM.Collect$$$$00000008)
    .ARM.Collect$$$$0000000A                 0x00000208   Section        0  entry8b.o(.ARM.Collect$$$$0000000A)
    .ARM.Collect$$$$0000000B                 0x00000208   Section        8  entry9a.o(.ARM.Collect$$$$0000000B)
    .ARM.Collect$$$$0000000D                 0x00000210   Section        0  entry10a.o(.ARM.Collect$$$$0000000D)
    .ARM.Collect$$$$0000000F                 0x00000210   Section        0  entry11a.o(.ARM.Collect$$$$0000000F)
    .ARM.Collect$$$$00002712                 0x00000210   Section        4  entry2.o(.ARM.Collect$$$$00002712)
    __lit__00000000                          0x00000210   Data           4  entry2.o(.ARM.Collect$$$$00002712)
    .text                                    0x00000214   Section      276  startup_tm4c129.o(.text)
    $v0                                      0x00000214   Number         0  startup_tm4c129.o(.text)
    .text                                    0x00000328   Section        0  ctype_o.o(.text)
    .text                                    0x00000330   Section        0  strcat.o(.text)
    .text                                    0x00000348   Section        0  strstr.o(.text)
    .text                                    0x0000036c   Section        0  strlen.o(.text)
    .text                                    0x0000037a   Section        0  strcmp.o(.text)
    .text                                    0x00000396   Section        0  strcpy.o(.text)
    .text                                    0x000003a8   Section        0  strtok.o(.text)
    .text                                    0x000003ec   Section        0  atoi.o(.text)
    .text                                    0x00000406   Section        0  uidiv.o(.text)
    .text                                    0x00000432   Section        0  strtol.o(.text)
    .text                                    0x000004a4   Section       36  init.o(.text)
    .text                                    0x000004c8   Section        0  _strtoul.o(.text)
    .text                                    0x00000566   Section        0  _chval.o(.text)
    i.Delay                                  0x00000584   Section        0  uart.o(i.Delay)
    i.DelayS                                 0x00000594   Section        0  main.o(i.DelayS)
    i.GPIODirModeSet                         0x000005c4   Section        0  gpio.o(i.GPIODirModeSet)
    i.GPIOInit                               0x000005ec   Section        0  main.o(i.GPIOInit)
    i.GPIOPadConfigSet                       0x00000628   Section        0  gpio.o(i.GPIOPadConfigSet)
    i.GPIOPinTypeGPIOOutput                  0x000006d8   Section        0  gpio.o(i.GPIOPinTypeGPIOOutput)
    i.GPIOPinWrite                           0x000006f4   Section        0  gpio.o(i.GPIOPinWrite)
    i.LCDInit                                0x000006fa   Section        0  main.o(i.LCDInit)
    i.LED_Initialize                         0x00000734   Section        0  led.o(i.LED_Initialize)
    i.LED_Off                                0x0000077c   Section        0  led.o(i.LED_Off)
    i.LED_On                                 0x000007c8   Section        0  led.o(i.LED_On)
    i.PortInit                               0x00000814   Section        0  main.o(i.PortInit)
    i.SysCtlPeripheralEnable                 0x00000850   Section        0  sysctl.o(i.SysCtlPeripheralEnable)
    i.SysCtlReset                            0x000008a0   Section        0  sysctl.o(i.SysCtlReset)
    i.SysTickEnable                          0x000008b0   Section        0  systick.o(i.SysTickEnable)
    i.SysTickInit                            0x000008c0   Section        0  main.o(i.SysTickInit)
    i.SysTickPeriodSet                       0x000008d8   Section        0  systick.o(i.SysTickPeriodSet)
    i.SysTickValueGet                        0x000008e2   Section        0  systick.o(i.SysTickValueGet)
    i.SystemInit                             0x000008ec   Section        0  system_tm4c129.o(i.SystemInit)
    i.UARTInit                               0x0000090c   Section        0  uart.o(i.UARTInit)
    i.UART_InChar                            0x000009c0   Section        0  uart.o(i.UART_InChar)
    i.UART_InString                          0x000009d4   Section        0  uart.o(i.UART_InString)
    i.UART_OutChar                           0x00000a14   Section        0  uart.o(i.UART_OutChar)
    i.UART_OutString                         0x00000a24   Section        0  uart.o(i.UART_OutString)
    i.__0printf$3                            0x00000a38   Section        0  printf3.o(i.__0printf$3)
    i.__0sprintf$3                           0x00000a58   Section        0  printf3.o(i.__0sprintf$3)
    i.__aeabi_errno_addr                     0x00000a80   Section        0  errno.o(i.__aeabi_errno_addr)
    i.__scatterload_copy                     0x00000a88   Section       14  handlers.o(i.__scatterload_copy)
    i.__scatterload_null                     0x00000a96   Section        2  handlers.o(i.__scatterload_null)
    i.__scatterload_zeroinit                 0x00000a98   Section       14  handlers.o(i.__scatterload_zeroinit)
    i._disstring                             0x00000aa6   Section        0  main.o(i._disstring)
    i._printf_core                           0x00000ac4   Section        0  printf3.o(i._printf_core)
    _printf_core                             0x00000ac5   Thumb Code   436  printf3.o(i._printf_core)
    i._sputc                                 0x00000c7c   Section        0  printf3.o(i._sputc)
    _sputc                                   0x00000c7d   Thumb Code    10  printf3.o(i._sputc)
    i.addSourceLine                          0x00000c88   Section        0  main.o(i.addSourceLine)
    i.aiddisstring                           0x00000dac   Section        0  main.o(i.aiddisstring)
    i.aiddisstring2                          0x00000e64   Section        0  main.o(i.aiddisstring2)
    i.changeline                             0x00000edc   Section        0  main.o(i.changeline)
    i.delay                                  0x00000f10   Section        0  main.o(i.delay)
    i.disstring                              0x00000f24   Section        0  main.o(i.disstring)
    i.evalExpession                          0x00000fb4   Section        0  main.o(i.evalExpession)
    i.executeStatement                       0x00001124   Section        0  main.o(i.executeStatement)
    i.findLine                               0x00001370   Section        0  main.o(i.findLine)
    i.fputc                                  0x00001390   Section        0  uart.o(i.fputc)
    i.free                                   0x000013b4   Section        0  malloc.o(i.free)
    i.getFirstLineNumber                     0x00001404   Section        0  main.o(i.getFirstLineNumber)
    i.getNextLineNumber                      0x00001416   Section        0  main.o(i.getNextLineNumber)
    i.getParsedStatement                     0x0000147c   Section        0  main.o(i.getParsedStatement)
    i.getSourceLine                          0x000014d4   Section        0  main.o(i.getSourceLine)
    i.getValue                               0x000014f4   Section        0  main.o(i.getValue)
    i.helpPrint                              0x00001570   Section        0  main.o(i.helpPrint)
    i.high                                   0x00001624   Section        0  main.o(i.high)
    i.initExp                                0x0000174c   Section        0  main.o(i.initExp)
    i.initStm                                0x0000176c   Section        0  main.o(i.initStm)
    i.isDefined                              0x00001780   Section        0  main.o(i.isDefined)
    i.isWord                                 0x000017b0   Section        0  main.o(i.isWord)
    i.low                                    0x000017d8   Section        0  main.o(i.low)
    i.main                                   0x00001900   Section        0  main.o(i.main)
    i.nameCheck                              0x000019b0   Section        0  main.o(i.nameCheck)
    i.numCheck                               0x00001adc   Section        0  main.o(i.numCheck)
    i.parseExp                               0x00001b00   Section        0  main.o(i.parseExp)
    i.parseStatement                         0x00001b58   Section        0  main.o(i.parseStatement)
    i.precedence                             0x00001f68   Section        0  main.o(i.precedence)
    i.processLine                            0x00001fc0   Section        0  main.o(i.processLine)
    i.readET                                 0x0000231c   Section        0  main.o(i.readET)
    i.sendbyte                               0x000024e0   Section        0  main.o(i.sendbyte)
    i.setParsedStatement                     0x00002528   Section        0  main.o(i.setParsedStatement)
    i.setValue                               0x00002588   Section        0  main.o(i.setValue)
    i.subLine                                0x00002624   Section        0  main.o(i.subLine)
    i.write_com                              0x00002660   Section        0  main.o(i.write_com)
    i.write_data                             0x00002684   Section        0  main.o(i.write_data)
    .constdata                               0x000026a8   Section       16  led.o(.constdata)
    .constdata                               0x000026b8   Section      460  sysctl.o(.constdata)
    g_pulDCRegs                              0x000026b8   Data          16  sysctl.o(.constdata)
    g_pulSRCRRegs                            0x000026c8   Data          12  sysctl.o(.constdata)
    g_pulRCGCRegs                            0x000026d4   Data          12  sysctl.o(.constdata)
    g_pulSCGCRegs                            0x000026e0   Data          12  sysctl.o(.constdata)
    g_pulDCGCRegs                            0x000026ec   Data          12  sysctl.o(.constdata)
    g_pulXtals                               0x000026f8   Data         108  sysctl.o(.constdata)
    g_ppulPeripheralMap                      0x00002764   Data         288  sysctl.o(.constdata)
    .constdata                               0x00002884   Section      129  ctype_o.o(.constdata)
    .constdata                               0x00002908   Section        4  ctype_o.o(.constdata)
    table                                    0x00002908   Data           4  ctype_o.o(.constdata)
    .conststring                             0x0000290c   Section     1429  main.o(.conststring)
    .data                                    0x20000000   Section       36  main.o(.data)
    .data                                    0x20000024   Section        4  system_tm4c129.o(.data)
    .data                                    0x20000028   Section        4  strtok.o(.data)
    state                                    0x20000028   Data           4  strtok.o(.data)
    .data                                    0x2000002c   Section        4  stdout.o(.data)
    .data                                    0x20000030   Section        4  mvars.o(.data)
    .data                                    0x20000034   Section        4  errno.o(.data)
    _errno                                   0x20000034   Data           4  errno.o(.data)
    .bss                                     0x20000038   Section     9920  main.o(.bss)
    STACK                                    0x200026f8   Section    196608  startup_tm4c129.o(STACK)

    Global Symbols

    Symbol Name                              Value     Ov Type        Size  Object(Section)

    BuildAttributes$$THM_ISAv4$E$P$D$K$B$S$7EM$VFPi3$EXTD16$VFPS$VFMA$PE$A:L22UL41UL21$X:L11$S22US41US21$IEEE1$IW$USESV6$~STKCKD$USESV7$~SHL$OTIME$ROPI$EBA8$MICROLIB$REQ8$PRES8$EABIv2 0x00000000   Number         0  anon$$obj.o ABSOLUTE
    __ARM_use_no_argv                        0x00000000   Number         0  main.o ABSOLUTE
    __Vectors                                0x00000000   Data           4  startup_tm4c129.o(RESET)
    _printf_a                                0x00000000   Number         0  stubs.o ABSOLUTE
    _printf_c                                0x00000000   Number         0  stubs.o ABSOLUTE
    _printf_charcount                        0x00000000   Number         0  stubs.o ABSOLUTE
    _printf_d                                0x00000000   Number         0  stubs.o ABSOLUTE
    _printf_e                                0x00000000   Number         0  stubs.o ABSOLUTE
    _printf_f                                0x00000000   Number         0  stubs.o ABSOLUTE
    _printf_flags                            0x00000000   Number         0  stubs.o ABSOLUTE
    _printf_fp_dec                           0x00000000   Number         0  stubs.o ABSOLUTE
    _printf_fp_hex                           0x00000000   Number         0  stubs.o ABSOLUTE
    _printf_g                                0x00000000   Number         0  stubs.o ABSOLUTE
    _printf_i                                0x00000000   Number         0  stubs.o ABSOLUTE
    _printf_int_dec                          0x00000000   Number         0  stubs.o ABSOLUTE
    _printf_l                                0x00000000   Number         0  stubs.o ABSOLUTE
    _printf_lc                               0x00000000   Number         0  stubs.o ABSOLUTE
    _printf_ll                               0x00000000   Number         0  stubs.o ABSOLUTE
    _printf_lld                              0x00000000   Number         0  stubs.o ABSOLUTE
    _printf_lli                              0x00000000   Number         0  stubs.o ABSOLUTE
    _printf_llo                              0x00000000   Number         0  stubs.o ABSOLUTE
    _printf_llu                              0x00000000   Number         0  stubs.o ABSOLUTE
    _printf_llx                              0x00000000   Number         0  stubs.o ABSOLUTE
    _printf_longlong_dec                     0x00000000   Number         0  stubs.o ABSOLUTE
    _printf_longlong_hex                     0x00000000   Number         0  stubs.o ABSOLUTE
    _printf_longlong_oct                     0x00000000   Number         0  stubs.o ABSOLUTE
    _printf_ls                               0x00000000   Number         0  stubs.o ABSOLUTE
    _printf_mbtowc                           0x00000000   Number         0  stubs.o ABSOLUTE
    _printf_n                                0x00000000   Number         0  stubs.o ABSOLUTE
    _printf_o                                0x00000000   Number         0  stubs.o ABSOLUTE
    _printf_p                                0x00000000   Number         0  stubs.o ABSOLUTE
    _printf_percent                          0x00000000   Number         0  stubs.o ABSOLUTE
    _printf_pre_padding                      0x00000000   Number         0  stubs.o ABSOLUTE
    _printf_return_value                     0x00000000   Number         0  stubs.o ABSOLUTE
    _printf_s                                0x00000000   Number         0  stubs.o ABSOLUTE
    _printf_sizespec                         0x00000000   Number         0  stubs.o ABSOLUTE
    _printf_str                              0x00000000   Number         0  stubs.o ABSOLUTE
    _printf_truncate_signed                  0x00000000   Number         0  stubs.o ABSOLUTE
    _printf_truncate_unsigned                0x00000000   Number         0  stubs.o ABSOLUTE
    _printf_u                                0x00000000   Number         0  stubs.o ABSOLUTE
    _printf_wc                               0x00000000   Number         0  stubs.o ABSOLUTE
    _printf_wctomb                           0x00000000   Number         0  stubs.o ABSOLUTE
    _printf_widthprec                        0x00000000   Number         0  stubs.o ABSOLUTE
    _printf_x                                0x00000000   Number         0  stubs.o ABSOLUTE
    __cpp_initialize__aeabi_                  - Undefined Weak Reference
    __cxa_finalize                            - Undefined Weak Reference
    __decompress                              - Undefined Weak Reference
    _clock_init                               - Undefined Weak Reference
    _microlib_exit                            - Undefined Weak Reference
    __Vectors_End                            0x00000200   Data           0  startup_tm4c129.o(RESET)
    __Vectors_Size                           0x00000200   Number         0  startup_tm4c129.o ABSOLUTE
    __main                                   0x00000201   Thumb Code     0  entry.o(.ARM.Collect$$$$00000000)
    _main_stk                                0x00000201   Thumb Code     0  entry2.o(.ARM.Collect$$$$00000001)
    _main_scatterload                        0x00000205   Thumb Code     0  entry5.o(.ARM.Collect$$$$00000004)
    __main_after_scatterload                 0x00000209   Thumb Code     0  entry5.o(.ARM.Collect$$$$00000004)
    _main_clock                              0x00000209   Thumb Code     0  entry7b.o(.ARM.Collect$$$$00000008)
    _main_cpp_init                           0x00000209   Thumb Code     0  entry8b.o(.ARM.Collect$$$$0000000A)
    _main_init                               0x00000209   Thumb Code     0  entry9a.o(.ARM.Collect$$$$0000000B)
    __rt_final_cpp                           0x00000211   Thumb Code     0  entry10a.o(.ARM.Collect$$$$0000000D)
    __rt_final_exit                          0x00000211   Thumb Code     0  entry11a.o(.ARM.Collect$$$$0000000F)
    Reset_Handler                            0x00000215   Thumb Code     8  startup_tm4c129.o(.text)
    NMI_Handler                              0x0000021d   Thumb Code     2  startup_tm4c129.o(.text)
    HardFault_Handler                        0x0000021f   Thumb Code     2  startup_tm4c129.o(.text)
    MemManage_Handler                        0x00000221   Thumb Code     2  startup_tm4c129.o(.text)
    BusFault_Handler                         0x00000223   Thumb Code     2  startup_tm4c129.o(.text)
    UsageFault_Handler                       0x00000225   Thumb Code     2  startup_tm4c129.o(.text)
    SVC_Handler                              0x00000227   Thumb Code     2  startup_tm4c129.o(.text)
    DebugMon_Handler                         0x00000229   Thumb Code     2  startup_tm4c129.o(.text)
    PendSV_Handler                           0x0000022b   Thumb Code     2  startup_tm4c129.o(.text)
    SysTick_Handler                          0x0000022d   Thumb Code     2  startup_tm4c129.o(.text)
    GPIOA_Handler                            0x0000022f   Thumb Code     2  startup_tm4c129.o(.text)
    GPIOB_Handler                            0x00000231   Thumb Code     2  startup_tm4c129.o(.text)
    GPIOC_Handler                            0x00000233   Thumb Code     2  startup_tm4c129.o(.text)
    GPIOD_Handler                            0x00000235   Thumb Code     2  startup_tm4c129.o(.text)
    GPIOE_Handler                            0x00000237   Thumb Code     2  startup_tm4c129.o(.text)
    UART0_Handler                            0x00000239   Thumb Code     2  startup_tm4c129.o(.text)
    UART1_Handler                            0x0000023b   Thumb Code     2  startup_tm4c129.o(.text)
    SSI0_Handler                             0x0000023d   Thumb Code     2  startup_tm4c129.o(.text)
    I2C0_Handler                             0x0000023f   Thumb Code     2  startup_tm4c129.o(.text)
    PMW0_FAULT_Handler                       0x00000241   Thumb Code     2  startup_tm4c129.o(.text)
    PWM0_0_Handler                           0x00000243   Thumb Code     2  startup_tm4c129.o(.text)
    PWM0_1_Handler                           0x00000245   Thumb Code     2  startup_tm4c129.o(.text)
    PWM0_2_Handler                           0x00000247   Thumb Code     2  startup_tm4c129.o(.text)
    QEI0_Handler                             0x00000249   Thumb Code     2  startup_tm4c129.o(.text)
    ADC0SS0_Handler                          0x0000024b   Thumb Code     2  startup_tm4c129.o(.text)
    ADC0SS1_Handler                          0x0000024d   Thumb Code     2  startup_tm4c129.o(.text)
    ADC0SS2_Handler                          0x0000024f   Thumb Code     2  startup_tm4c129.o(.text)
    ADC0SS3_Handler                          0x00000251   Thumb Code     2  startup_tm4c129.o(.text)
    WDT0_Handler                             0x00000253   Thumb Code     2  startup_tm4c129.o(.text)
    TIMER0A_Handler                          0x00000255   Thumb Code     2  startup_tm4c129.o(.text)
    TIMER0B_Handler                          0x00000257   Thumb Code     2  startup_tm4c129.o(.text)
    TIMER1A_Handler                          0x00000259   Thumb Code     2  startup_tm4c129.o(.text)
    TIMER1B_Handler                          0x0000025b   Thumb Code     2  startup_tm4c129.o(.text)
    TIMER2A_Handler                          0x0000025d   Thumb Code     2  startup_tm4c129.o(.text)
    TIMER2B_Handler                          0x0000025f   Thumb Code     2  startup_tm4c129.o(.text)
    COMP0_Handler                            0x00000261   Thumb Code     2  startup_tm4c129.o(.text)
    COMP1_Handler                            0x00000263   Thumb Code     2  startup_tm4c129.o(.text)
    COMP2_Handler                            0x00000265   Thumb Code     2  startup_tm4c129.o(.text)
    SYSCTL_Handler                           0x00000267   Thumb Code     2  startup_tm4c129.o(.text)
    FLASH_Handler                            0x00000269   Thumb Code     2  startup_tm4c129.o(.text)
    GPIOF_Handler                            0x0000026b   Thumb Code     2  startup_tm4c129.o(.text)
    GPIOG_Handler                            0x0000026d   Thumb Code     2  startup_tm4c129.o(.text)
    GPIOH_Handler                            0x0000026f   Thumb Code     2  startup_tm4c129.o(.text)
    UART2_Handler                            0x00000271   Thumb Code     2  startup_tm4c129.o(.text)
    SSI1_Handler                             0x00000273   Thumb Code     2  startup_tm4c129.o(.text)
    TIMER3A_Handler                          0x00000275   Thumb Code     2  startup_tm4c129.o(.text)
    TIMER3B_Handler                          0x00000277   Thumb Code     2  startup_tm4c129.o(.text)
    I2C1_Handler                             0x00000279   Thumb Code     2  startup_tm4c129.o(.text)
    CAN0_Handler                             0x0000027b   Thumb Code     2  startup_tm4c129.o(.text)
    CAN1_Handler                             0x0000027d   Thumb Code     2  startup_tm4c129.o(.text)
    ETH_Handler                              0x0000027f   Thumb Code     2  startup_tm4c129.o(.text)
    HIB_Handler                              0x00000281   Thumb Code     2  startup_tm4c129.o(.text)
    USB0_Handler                             0x00000283   Thumb Code     2  startup_tm4c129.o(.text)
    PWM0_3_Handler                           0x00000285   Thumb Code     2  startup_tm4c129.o(.text)
    UDMA_Handler                             0x00000287   Thumb Code     2  startup_tm4c129.o(.text)
    UDMAERR_Handler                          0x00000289   Thumb Code     2  startup_tm4c129.o(.text)
    ADC1SS0_Handler                          0x0000028b   Thumb Code     2  startup_tm4c129.o(.text)
    ADC1SS1_Handler                          0x0000028d   Thumb Code     2  startup_tm4c129.o(.text)
    ADC1SS2_Handler                          0x0000028f   Thumb Code     2  startup_tm4c129.o(.text)
    ADC1SS3_Handler                          0x00000291   Thumb Code     2  startup_tm4c129.o(.text)
    EBI0_Handler                             0x00000293   Thumb Code     2  startup_tm4c129.o(.text)
    GPIOJ_Handler                            0x00000295   Thumb Code     2  startup_tm4c129.o(.text)
    GPIOK_Handler                            0x00000297   Thumb Code     2  startup_tm4c129.o(.text)
    GPIOL_Handler                            0x00000299   Thumb Code     2  startup_tm4c129.o(.text)
    SSI2_Handler                             0x0000029b   Thumb Code     2  startup_tm4c129.o(.text)
    SSI3_Handler                             0x0000029d   Thumb Code     2  startup_tm4c129.o(.text)
    UART3_Handler                            0x0000029f   Thumb Code     2  startup_tm4c129.o(.text)
    UART4_Handler                            0x000002a1   Thumb Code     2  startup_tm4c129.o(.text)
    UART5_Handler                            0x000002a3   Thumb Code     2  startup_tm4c129.o(.text)
    UART6_Handler                            0x000002a5   Thumb Code     2  startup_tm4c129.o(.text)
    UART7_Handler                            0x000002a7   Thumb Code     2  startup_tm4c129.o(.text)
    I2C2_Handler                             0x000002a9   Thumb Code     2  startup_tm4c129.o(.text)
    I2C3_Handler                             0x000002ab   Thumb Code     2  startup_tm4c129.o(.text)
    TIMER4A_Handler                          0x000002ad   Thumb Code     2  startup_tm4c129.o(.text)
    TIMER4B_Handler                          0x000002af   Thumb Code     2  startup_tm4c129.o(.text)
    TIMER5A_Handler                          0x000002b1   Thumb Code     2  startup_tm4c129.o(.text)
    TIMER5B_Handler                          0x000002b3   Thumb Code     2  startup_tm4c129.o(.text)
    WTIMER0A_Handler                         0x000002b5   Thumb Code     2  startup_tm4c129.o(.text)
    WTIMER0B_Handler                         0x000002b7   Thumb Code     2  startup_tm4c129.o(.text)
    WTIMER1A_Handler                         0x000002b9   Thumb Code     2  startup_tm4c129.o(.text)
    WTIMER1B_Handler                         0x000002bb   Thumb Code     2  startup_tm4c129.o(.text)
    WTIMER2A_Handler                         0x000002bd   Thumb Code     2  startup_tm4c129.o(.text)
    WTIMER2B_Handler                         0x000002bf   Thumb Code     2  startup_tm4c129.o(.text)
    WTIMER3A_Handler                         0x000002c1   Thumb Code     2  startup_tm4c129.o(.text)
    WTIMER3B_Handler                         0x000002c3   Thumb Code     2  startup_tm4c129.o(.text)
    WTIMER4A_Handler                         0x000002c5   Thumb Code     2  startup_tm4c129.o(.text)
    WTIMER4B_Handler                         0x000002c7   Thumb Code     2  startup_tm4c129.o(.text)
    WTIMER5A_Handler                         0x000002c9   Thumb Code     2  startup_tm4c129.o(.text)
    WTIMER5B_Handler                         0x000002cb   Thumb Code     2  startup_tm4c129.o(.text)
    FPU_Handler                              0x000002cd   Thumb Code     2  startup_tm4c129.o(.text)
    I2C4_Handler                             0x000002cf   Thumb Code     2  startup_tm4c129.o(.text)
    I2C5_Handler                             0x000002d1   Thumb Code     2  startup_tm4c129.o(.text)
    GPIOM_Handler                            0x000002d3   Thumb Code     2  startup_tm4c129.o(.text)
    GPION_Handler                            0x000002d5   Thumb Code     2  startup_tm4c129.o(.text)
    TAMPER_Handler                           0x000002d7   Thumb Code     2  startup_tm4c129.o(.text)
    GPIOP0_Handler                           0x000002d9   Thumb Code     2  startup_tm4c129.o(.text)
    GPIOP1_Handler                           0x000002db   Thumb Code     2  startup_tm4c129.o(.text)
    GPIOP2_Handler                           0x000002dd   Thumb Code     2  startup_tm4c129.o(.text)
    GPIOP3_Handler                           0x000002df   Thumb Code     2  startup_tm4c129.o(.text)
    GPIOP4_Handler                           0x000002e1   Thumb Code     2  startup_tm4c129.o(.text)
    GPIOP5_Handler                           0x000002e3   Thumb Code     2  startup_tm4c129.o(.text)
    GPIOP6_Handler                           0x000002e5   Thumb Code     2  startup_tm4c129.o(.text)
    GPIOP7_Handler                           0x000002e7   Thumb Code     2  startup_tm4c129.o(.text)
    GPIOQ0_Handler                           0x000002e9   Thumb Code     2  startup_tm4c129.o(.text)
    GPIOQ1_Handler                           0x000002eb   Thumb Code     2  startup_tm4c129.o(.text)
    GPIOQ2_Handler                           0x000002ed   Thumb Code     2  startup_tm4c129.o(.text)
    GPIOQ3_Handler                           0x000002ef   Thumb Code     2  startup_tm4c129.o(.text)
    GPIOQ4_Handler                           0x000002f1   Thumb Code     2  startup_tm4c129.o(.text)
    GPIOQ5_Handler                           0x000002f3   Thumb Code     2  startup_tm4c129.o(.text)
    GPIOQ6_Handler                           0x000002f5   Thumb Code     2  startup_tm4c129.o(.text)
    GPIOQ7_Handler                           0x000002f7   Thumb Code     2  startup_tm4c129.o(.text)
    GPIOR_Handler                            0x000002f9   Thumb Code     2  startup_tm4c129.o(.text)
    GPIOS_Handler                            0x000002fb   Thumb Code     2  startup_tm4c129.o(.text)
    SHAMD5_Handler                           0x000002fd   Thumb Code     2  startup_tm4c129.o(.text)
    AES_Handler                              0x000002ff   Thumb Code     2  startup_tm4c129.o(.text)
    DES3DES_Handler                          0x00000301   Thumb Code     2  startup_tm4c129.o(.text)
    LCDCONTROLLER_Handler                    0x00000303   Thumb Code     2  startup_tm4c129.o(.text)
    TIMER6A_Handler                          0x00000305   Thumb Code     2  startup_tm4c129.o(.text)
    TIMER6B_Handler                          0x00000307   Thumb Code     2  startup_tm4c129.o(.text)
    TIMER7A_Handler                          0x00000309   Thumb Code     2  startup_tm4c129.o(.text)
    TIMER7B_Handler                          0x0000030b   Thumb Code     2  startup_tm4c129.o(.text)
    I2C6_Handler                             0x0000030d   Thumb Code     2  startup_tm4c129.o(.text)
    I2C7_Handler                             0x0000030f   Thumb Code     2  startup_tm4c129.o(.text)
    HIMSCANKEYBOARD_Handler                  0x00000311   Thumb Code     2  startup_tm4c129.o(.text)
    ONEWIRE_Handler                          0x00000313   Thumb Code     2  startup_tm4c129.o(.text)
    HIMPS2_Handler                           0x00000315   Thumb Code     2  startup_tm4c129.o(.text)
    HIMLEDSEQUENCER_Handler                  0x00000317   Thumb Code     2  startup_tm4c129.o(.text)
    HIMCONSUMERIR_Handler                    0x00000319   Thumb Code     2  startup_tm4c129.o(.text)
    I2C8_Handler                             0x0000031b   Thumb Code     2  startup_tm4c129.o(.text)
    I2C9_Handler                             0x0000031d   Thumb Code     2  startup_tm4c129.o(.text)
    GPIOT_Handler                            0x0000031f   Thumb Code     2  startup_tm4c129.o(.text)
    __rt_ctype_table                         0x00000329   Thumb Code     4  ctype_o.o(.text)
    strcat                                   0x00000331   Thumb Code    24  strcat.o(.text)
    strstr                                   0x00000349   Thumb Code    36  strstr.o(.text)
    strlen                                   0x0000036d   Thumb Code    14  strlen.o(.text)
    strcmp                                   0x0000037b   Thumb Code    28  strcmp.o(.text)
    strcpy                                   0x00000397   Thumb Code    18  strcpy.o(.text)
    strtok                                   0x000003a9   Thumb Code    62  strtok.o(.text)
    atoi                                     0x000003ed   Thumb Code    26  atoi.o(.text)
    __aeabi_uidiv                            0x00000407   Thumb Code     0  uidiv.o(.text)
    __aeabi_uidivmod                         0x00000407   Thumb Code    44  uidiv.o(.text)
    strtol                                   0x00000433   Thumb Code   112  strtol.o(.text)
    __scatterload                            0x000004a5   Thumb Code    28  init.o(.text)
    __scatterload_rt2                        0x000004a5   Thumb Code     0  init.o(.text)
    _strtoul                                 0x000004c9   Thumb Code   158  _strtoul.o(.text)
    _chval                                   0x00000567   Thumb Code    28  _chval.o(.text)
    Delay                                    0x00000585   Thumb Code    12  uart.o(i.Delay)
    DelayS                                   0x00000595   Thumb Code    42  main.o(i.DelayS)
    GPIODirModeSet                           0x000005c5   Thumb Code    40  gpio.o(i.GPIODirModeSet)
    GPIOInit                                 0x000005ed   Thumb Code    56  main.o(i.GPIOInit)
    GPIOPadConfigSet                         0x00000629   Thumb Code   176  gpio.o(i.GPIOPadConfigSet)
    GPIOPinTypeGPIOOutput                    0x000006d9   Thumb Code    28  gpio.o(i.GPIOPinTypeGPIOOutput)
    GPIOPinWrite                             0x000006f5   Thumb Code     6  gpio.o(i.GPIOPinWrite)
    LCDInit                                  0x000006fb   Thumb Code    56  main.o(i.LCDInit)
    LED_Initialize                           0x00000735   Thumb Code    52  led.o(i.LED_Initialize)
    LED_Off                                  0x0000077d   Thumb Code    62  led.o(i.LED_Off)
    LED_On                                   0x000007c9   Thumb Code    62  led.o(i.LED_On)
    PortInit                                 0x00000815   Thumb Code    50  main.o(i.PortInit)
    SysCtlPeripheralEnable                   0x00000851   Thumb Code    70  sysctl.o(i.SysCtlPeripheralEnable)
    SysCtlReset                              0x000008a1   Thumb Code     8  sysctl.o(i.SysCtlReset)
    SysTickEnable                            0x000008b1   Thumb Code    14  systick.o(i.SysTickEnable)
    SysTickInit                              0x000008c1   Thumb Code    18  main.o(i.SysTickInit)
    SysTickPeriodSet                         0x000008d9   Thumb Code    10  systick.o(i.SysTickPeriodSet)
    SysTickValueGet                          0x000008e3   Thumb Code     8  systick.o(i.SysTickValueGet)
    SystemInit                               0x000008ed   Thumb Code    18  system_tm4c129.o(i.SystemInit)
    UARTInit                                 0x0000090d   Thumb Code   150  uart.o(i.UARTInit)
    UART_InChar                              0x000009c1   Thumb Code    14  uart.o(i.UART_InChar)
    UART_InString                            0x000009d5   Thumb Code    58  uart.o(i.UART_InString)
    UART_OutChar                             0x00000a15   Thumb Code    12  uart.o(i.UART_OutChar)
    UART_OutString                           0x00000a25   Thumb Code    20  uart.o(i.UART_OutString)
    __0printf$3                              0x00000a39   Thumb Code    22  printf3.o(i.__0printf$3)
    __1printf$3                              0x00000a39   Thumb Code     0  printf3.o(i.__0printf$3)
    __2printf                                0x00000a39   Thumb Code     0  printf3.o(i.__0printf$3)
    __0sprintf$3                             0x00000a59   Thumb Code    34  printf3.o(i.__0sprintf$3)
    __1sprintf$3                             0x00000a59   Thumb Code     0  printf3.o(i.__0sprintf$3)
    __2sprintf                               0x00000a59   Thumb Code     0  printf3.o(i.__0sprintf$3)
    __aeabi_errno_addr                       0x00000a81   Thumb Code     4  errno.o(i.__aeabi_errno_addr)
    __rt_errno_addr                          0x00000a81   Thumb Code     0  errno.o(i.__aeabi_errno_addr)
    __scatterload_copy                       0x00000a89   Thumb Code    14  handlers.o(i.__scatterload_copy)
    __scatterload_null                       0x00000a97   Thumb Code     2  handlers.o(i.__scatterload_null)
    __scatterload_zeroinit                   0x00000a99   Thumb Code    14  handlers.o(i.__scatterload_zeroinit)
    _disstring                               0x00000aa7   Thumb Code    28  main.o(i._disstring)
    addSourceLine                            0x00000c89   Thumb Code   278  main.o(i.addSourceLine)
    aiddisstring                             0x00000dad   Thumb Code   174  main.o(i.aiddisstring)
    aiddisstring2                            0x00000e65   Thumb Code   112  main.o(i.aiddisstring2)
    changeline                               0x00000edd   Thumb Code    52  main.o(i.changeline)
    delay                                    0x00000f11   Thumb Code    20  main.o(i.delay)
    disstring                                0x00000f25   Thumb Code   134  main.o(i.disstring)
    evalExpession                            0x00000fb5   Thumb Code   254  main.o(i.evalExpession)
    executeStatement                         0x00001125   Thumb Code   430  main.o(i.executeStatement)
    findLine                                 0x00001371   Thumb Code    32  main.o(i.findLine)
    fputc                                    0x00001391   Thumb Code    34  uart.o(i.fputc)
    free                                     0x000013b5   Thumb Code    76  malloc.o(i.free)
    getFirstLineNumber                       0x00001405   Thumb Code    18  main.o(i.getFirstLineNumber)
    getNextLineNumber                        0x00001417   Thumb Code   100  main.o(i.getNextLineNumber)
    getParsedStatement                       0x0000147d   Thumb Code    48  main.o(i.getParsedStatement)
    getSourceLine                            0x000014d5   Thumb Code    28  main.o(i.getSourceLine)
    getValue                                 0x000014f5   Thumb Code    74  main.o(i.getValue)
    helpPrint                                0x00001571   Thumb Code    54  main.o(i.helpPrint)
    high                                     0x00001625   Thumb Code   272  main.o(i.high)
    initExp                                  0x0000174d   Thumb Code    22  main.o(i.initExp)
    initStm                                  0x0000176d   Thumb Code    20  main.o(i.initStm)
    isDefined                                0x00001781   Thumb Code    48  main.o(i.isDefined)
    isWord                                   0x000017b1   Thumb Code    40  main.o(i.isWord)
    low                                      0x000017d9   Thumb Code   272  main.o(i.low)
    main                                     0x00001901   Thumb Code   114  main.o(i.main)
    nameCheck                                0x000019b1   Thumb Code   180  main.o(i.nameCheck)
    numCheck                                 0x00001add   Thumb Code    36  main.o(i.numCheck)
    parseExp                                 0x00001b01   Thumb Code    50  main.o(i.parseExp)
    parseStatement                           0x00001b59   Thumb Code   836  main.o(i.parseStatement)
    precedence                               0x00001f69   Thumb Code    68  main.o(i.precedence)
    processLine                              0x00001fc1   Thumb Code   694  main.o(i.processLine)
    readET                                   0x0000231d   Thumb Code   398  main.o(i.readET)
    sendbyte                                 0x000024e1   Thumb Code    66  main.o(i.sendbyte)
    setParsedStatement                       0x00002529   Thumb Code    62  main.o(i.setParsedStatement)
    setValue                                 0x00002589   Thumb Code   122  main.o(i.setValue)
    subLine                                  0x00002625   Thumb Code    50  main.o(i.subLine)
    write_com                                0x00002661   Thumb Code    36  main.o(i.write_com)
    write_data                               0x00002685   Thumb Code    36  main.o(i.write_data)
    led_mask                                 0x000026a8   Data          16  led.o(.constdata)
    __ctype_table                            0x00002884   Data         129  ctype_o.o(.constdata)
    Region$$Table$$Base                      0x00002ea4   Number         0  anon$$obj.o(Region$$Table)
    Region$$Table$$Limit                     0x00002ec4   Number         0  anon$$obj.o(Region$$Table)
    cline                                    0x20000000   Data           4  main.o(.data)
    clineflag                                0x20000004   Data           4  main.o(.data)
    TheSysClock                              0x20000008   Data           4  main.o(.data)
    lcnt                                     0x2000000c   Data           4  main.o(.data)
    ecnt                                     0x20000010   Data           4  main.o(.data)
    scnt                                     0x20000014   Data           4  main.o(.data)
    sucnt                                    0x20000018   Data           4  main.o(.data)
    fornumber                                0x2000001c   Data           4  main.o(.data)
    forrange                                 0x20000020   Data           4  main.o(.data)
    SystemCoreClock                          0x20000024   Data           4  system_tm4c129.o(.data)
    __stdout                                 0x2000002c   Data           4  stdout.o(.data)
    __microlib_freelist                      0x20000030   Data           4  mvars.o(.data)
    screen                                   0x20000038   Data         120  main.o(.bss)
    LIN                                      0x200000b0   Data        5000  main.o(.bss)
    EXP                                      0x20001438   Data        1200  main.o(.bss)
    STA                                      0x200018e8   Data        2400  main.o(.bss)
    SUN                                      0x20002248   Data        1200  main.o(.bss)
    __initial_sp                             0x200326f8   Data           0  startup_tm4c129.o(STACK)



==============================================================================

Memory Map of the image

  Image Entry point : 0x00000215

  Load Region LR_IROM1 (Base: 0x00000000, Size: 0x00002efc, Max: 0x00100000, ABSOLUTE)

    Execution Region ER_IROM1 (Base: 0x00000000, Size: 0x00002ec4, Max: 0x00100000, ABSOLUTE)

    Base Addr    Size         Type   Attr      Idx    E Section Name        Object

    0x00000000   0x00000200   Data   RO          473    RESET               startup_tm4c129.o
    0x00000200   0x00000000   Code   RO         1300  * .ARM.Collect$$$$00000000  mc_w.l(entry.o)
    0x00000200   0x00000004   Code   RO         1638    .ARM.Collect$$$$00000001  mc_w.l(entry2.o)
    0x00000204   0x00000004   Code   RO         1641    .ARM.Collect$$$$00000004  mc_w.l(entry5.o)
    0x00000208   0x00000000   Code   RO         1643    .ARM.Collect$$$$00000008  mc_w.l(entry7b.o)
    0x00000208   0x00000000   Code   RO         1645    .ARM.Collect$$$$0000000A  mc_w.l(entry8b.o)
    0x00000208   0x00000008   Code   RO         1646    .ARM.Collect$$$$0000000B  mc_w.l(entry9a.o)
    0x00000210   0x00000000   Code   RO         1648    .ARM.Collect$$$$0000000D  mc_w.l(entry10a.o)
    0x00000210   0x00000000   Code   RO         1650    .ARM.Collect$$$$0000000F  mc_w.l(entry11a.o)
    0x00000210   0x00000004   Code   RO         1639    .ARM.Collect$$$$00002712  mc_w.l(entry2.o)
    0x00000214   0x00000114   Code   RO          474  * .text               startup_tm4c129.o
    0x00000328   0x00000008   Code   RO         1303    .text               mc_w.l(ctype_o.o)
    0x00000330   0x00000018   Code   RO         1331    .text               mc_w.l(strcat.o)
    0x00000348   0x00000024   Code   RO         1333    .text               mc_w.l(strstr.o)
    0x0000036c   0x0000000e   Code   RO         1335    .text               mc_w.l(strlen.o)
    0x0000037a   0x0000001c   Code   RO         1337    .text               mc_w.l(strcmp.o)
    0x00000396   0x00000012   Code   RO         1339    .text               mc_w.l(strcpy.o)
    0x000003a8   0x00000044   Code   RO         1341    .text               mc_w.l(strtok.o)
    0x000003ec   0x0000001a   Code   RO         1636    .text               mc_w.l(atoi.o)
    0x00000406   0x0000002c   Code   RO         1653    .text               mc_w.l(uidiv.o)
    0x00000432   0x00000070   Code   RO         1670    .text               mc_w.l(strtol.o)
    0x000004a2   0x00000002   PAD
    0x000004a4   0x00000024   Code   RO         1683    .text               mc_w.l(init.o)
    0x000004c8   0x0000009e   Code   RO         1691    .text               mc_w.l(_strtoul.o)
    0x00000566   0x0000001c   Code   RO         1695    .text               mc_w.l(_chval.o)
    0x00000582   0x00000002   PAD
    0x00000584   0x00000010   Code   RO          343    i.Delay             uart.o
    0x00000594   0x00000030   Code   RO            1    i.DelayS            main.o
    0x000005c4   0x00000028   Code   RO          519    i.GPIODirModeSet    driverlib-cm4f.lib(gpio.o)
    0x000005ec   0x0000003c   Code   RO            2    i.GPIOInit          main.o
    0x00000628   0x000000b0   Code   RO          524    i.GPIOPadConfigSet  driverlib-cm4f.lib(gpio.o)
    0x000006d8   0x0000001c   Code   RO          539    i.GPIOPinTypeGPIOOutput  driverlib-cm4f.lib(gpio.o)
    0x000006f4   0x00000006   Code   RO          554    i.GPIOPinWrite      driverlib-cm4f.lib(gpio.o)
    0x000006fa   0x00000038   Code   RO            3    i.LCDInit           main.o
    0x00000732   0x00000002   PAD
    0x00000734   0x00000048   Code   RO          405    i.LED_Initialize    led.o
    0x0000077c   0x0000004c   Code   RO          406    i.LED_Off           led.o
    0x000007c8   0x0000004c   Code   RO          407    i.LED_On            led.o
    0x00000814   0x0000003c   Code   RO            4    i.PortInit          main.o
    0x00000850   0x00000050   Code   RO          839    i.SysCtlPeripheralEnable  driverlib-cm4f.lib(sysctl.o)
    0x000008a0   0x00000010   Code   RO          848    i.SysCtlReset       driverlib-cm4f.lib(sysctl.o)
    0x000008b0   0x0000000e   Code   RO         1124    i.SysTickEnable     driverlib-cm4f.lib(systick.o)
    0x000008be   0x00000002   PAD
    0x000008c0   0x00000018   Code   RO            5    i.SysTickInit       main.o
    0x000008d8   0x0000000a   Code   RO         1130    i.SysTickPeriodSet  driverlib-cm4f.lib(systick.o)
    0x000008e2   0x00000008   Code   RO         1131    i.SysTickValueGet   driverlib-cm4f.lib(systick.o)
    0x000008ea   0x00000002   PAD
    0x000008ec   0x00000020   Code   RO          482    i.SystemInit        system_tm4c129.o
    0x0000090c   0x000000b4   Code   RO          344    i.UARTInit          uart.o
    0x000009c0   0x00000014   Code   RO          345    i.UART_InChar       uart.o
    0x000009d4   0x00000040   Code   RO          346    i.UART_InString     uart.o
    0x00000a14   0x00000010   Code   RO          347    i.UART_OutChar      uart.o
    0x00000a24   0x00000014   Code   RO          348    i.UART_OutString    uart.o
    0x00000a38   0x00000020   Code   RO         1436    i.__0printf$3       mc_w.l(printf3.o)
    0x00000a58   0x00000028   Code   RO         1438    i.__0sprintf$3      mc_w.l(printf3.o)
    0x00000a80   0x00000008   Code   RO         1663    i.__aeabi_errno_addr  mc_w.l(errno.o)
    0x00000a88   0x0000000e   Code   RO         1699    i.__scatterload_copy  mc_w.l(handlers.o)
    0x00000a96   0x00000002   Code   RO         1700    i.__scatterload_null  mc_w.l(handlers.o)
    0x00000a98   0x0000000e   Code   RO         1701    i.__scatterload_zeroinit  mc_w.l(handlers.o)
    0x00000aa6   0x0000001c   Code   RO            6    i._disstring        main.o
    0x00000ac2   0x00000002   PAD
    0x00000ac4   0x000001b8   Code   RO         1443    i._printf_core      mc_w.l(printf3.o)
    0x00000c7c   0x0000000a   Code   RO         1445    i._sputc            mc_w.l(printf3.o)
    0x00000c86   0x00000002   PAD
    0x00000c88   0x00000124   Code   RO            7    i.addSourceLine     main.o
    0x00000dac   0x000000b8   Code   RO            8    i.aiddisstring      main.o
    0x00000e64   0x00000078   Code   RO            9    i.aiddisstring2     main.o
    0x00000edc   0x00000034   Code   RO           10    i.changeline        main.o
    0x00000f10   0x00000014   Code   RO           12    i.delay             main.o
    0x00000f24   0x00000090   Code   RO           14    i.disstring         main.o
    0x00000fb4   0x00000170   Code   RO           15    i.evalExpession     main.o
    0x00001124   0x0000024c   Code   RO           16    i.executeStatement  main.o
    0x00001370   0x00000020   Code   RO           17    i.findLine          main.o
    0x00001390   0x00000022   Code   RO          351    i.fputc             uart.o
    0x000013b2   0x00000002   PAD
    0x000013b4   0x00000050   Code   RO         1608    i.free              mc_w.l(malloc.o)
    0x00001404   0x00000012   Code   RO           18    i.getFirstLineNumber  main.o
    0x00001416   0x00000064   Code   RO           19    i.getNextLineNumber  main.o
    0x0000147a   0x00000002   PAD
    0x0000147c   0x00000058   Code   RO           20    i.getParsedStatement  main.o
    0x000014d4   0x00000020   Code   RO           21    i.getSourceLine     main.o
    0x000014f4   0x0000007c   Code   RO           22    i.getValue          main.o
    0x00001570   0x000000b4   Code   RO           23    i.helpPrint         main.o
    0x00001624   0x00000128   Code   RO           24    i.high              main.o
    0x0000174c   0x00000020   Code   RO           26    i.initExp           main.o
    0x0000176c   0x00000014   Code   RO           28    i.initStm           main.o
    0x00001780   0x00000030   Code   RO           29    i.isDefined         main.o
    0x000017b0   0x00000028   Code   RO           30    i.isWord            main.o
    0x000017d8   0x00000128   Code   RO           31    i.low               main.o
    0x00001900   0x000000b0   Code   RO           32    i.main              main.o
    0x000019b0   0x0000012c   Code   RO           33    i.nameCheck         main.o
    0x00001adc   0x00000024   Code   RO           34    i.numCheck          main.o
    0x00001b00   0x00000058   Code   RO           35    i.parseExp          main.o
    0x00001b58   0x00000410   Code   RO           36    i.parseStatement    main.o
    0x00001f68   0x00000058   Code   RO           37    i.precedence        main.o
    0x00001fc0   0x0000035c   Code   RO           38    i.processLine       main.o
    0x0000231c   0x000001c4   Code   RO           39    i.readET            main.o
    0x000024e0   0x00000048   Code   RO           40    i.sendbyte          main.o
    0x00002528   0x00000060   Code   RO           41    i.setParsedStatement  main.o
    0x00002588   0x0000009c   Code   RO           42    i.setValue          main.o
    0x00002624   0x0000003c   Code   RO           43    i.subLine           main.o
    0x00002660   0x00000024   Code   RO           44    i.write_com         main.o
    0x00002684   0x00000024   Code   RO           45    i.write_data        main.o
    0x000026a8   0x00000010   Data   RO          409    .constdata          led.o
    0x000026b8   0x000001cc   Data   RO          855    .constdata          driverlib-cm4f.lib(sysctl.o)
    0x00002884   0x00000081   Data   RO         1304    .constdata          mc_w.l(ctype_o.o)
    0x00002905   0x00000003   PAD
    0x00002908   0x00000004   Data   RO         1305    .constdata          mc_w.l(ctype_o.o)
    0x0000290c   0x00000595   Data   RO           47    .conststring        main.o
    0x00002ea1   0x00000003   PAD
    0x00002ea4   0x00000020   Data   RO         1697    Region$$Table       anon$$obj.o


    Execution Region RW_IRAM1 (Base: 0x20000000, Size: 0x000326f8, Max: 0x00040000, ABSOLUTE)

    Base Addr    Size         Type   Attr      Idx    E Section Name        Object

    0x20000000   0x00000024   Data   RW           48    .data               main.o
    0x20000024   0x00000004   Data   RW          483    .data               system_tm4c129.o
    0x20000028   0x00000004   Data   RW         1342    .data               mc_w.l(strtok.o)
    0x2000002c   0x00000004   Data   RW         1652    .data               mc_w.l(stdout.o)
    0x20000030   0x00000004   Data   RW         1661    .data               mc_w.l(mvars.o)
    0x20000034   0x00000004   Data   RW         1666    .data               mc_w.l(errno.o)
    0x20000038   0x000026c0   Zero   RW           46    .bss                main.o
    0x200026f8   0x00030000   Zero   RW          471    STACK               startup_tm4c129.o


==============================================================================

Image component sizes


      Code (inc. data)   RO Data    RW Data    ZI Data      Debug   Object Name

       224         48         16          0          0       1915   led.o
      6846       1488       1429         36       9920      34984   main.o
       276          8        512          0     196608       6000   startup_tm4c129.o
        32         14          0          4          0        711   system_tm4c129.o
       350         50          0          0          0       4947   uart.o

    ----------------------------------------------------------------------
      7736       1608       1992         40     206528      48557   Object Totals
         0          0         32          0          0          0   (incl. Generated)
         8          0          3          0          0          0   (incl. Padding)

    ----------------------------------------------------------------------

      Code (inc. data)   RO Data    RW Data    ZI Data      Debug   Library Member Name

       250          0          0          0          0       5307   gpio.o
        96         18        460          0          0       2148   sysctl.o
        32          0          0          0          0       1249   systick.o
        28          0          0          0          0         68   _chval.o
       158          0          0          0          0         92   _strtoul.o
        26          0          0          0          0         80   atoi.o
         8          4        133          0          0         68   ctype_o.o
         0          0          0          0          0          0   entry.o
         0          0          0          0          0          0   entry10a.o
         0          0          0          0          0          0   entry11a.o
         8          4          0          0          0          0   entry2.o
         4          0          0          0          0          0   entry5.o
         0          0          0          0          0          0   entry7b.o
         0          0          0          0          0          0   entry8b.o
         8          4          0          0          0          0   entry9a.o
         8          4          0          4          0         68   errno.o
        30          0          0          0          0          0   handlers.o
        36          8          0          0          0         68   init.o
        80          4          0          0          0         76   malloc.o
         0          0          0          4          0          0   mvars.o
       522         20          0          0          0        336   printf3.o
         0          0          0          4          0          0   stdout.o
        24          0          0          0          0         68   strcat.o
        28          0          0          0          0         76   strcmp.o
        18          0          0          0          0         68   strcpy.o
        14          0          0          0          0         68   strlen.o
        36          0          0          0          0         80   strstr.o
        68          6          0          4          0         80   strtok.o
       112          0          0          0          0         88   strtol.o
        44          0          0          0          0         80   uidiv.o

    ----------------------------------------------------------------------
      1648         72        596         16          0      10168   Library Totals
        10          0          3          0          0          0   (incl. Padding)

    ----------------------------------------------------------------------

      Code (inc. data)   RO Data    RW Data    ZI Data      Debug   Library Name

       378         18        460          0          0       8704   driverlib-cm4f.lib
      1260         54        133         16          0       1464   mc_w.l

    ----------------------------------------------------------------------
      1648         72        596         16          0      10168   Library Totals

    ----------------------------------------------------------------------

==============================================================================


      Code (inc. data)   RO Data    RW Data    ZI Data      Debug   

      9384       1680       2588         56     206528      52801   Grand Totals
      9384       1680       2588         56     206528      52801   ELF Image Totals
      9384       1680       2588         56          0          0   ROM Totals

==============================================================================

    Total RO  Size (Code + RO Data)                11972 (  11.69kB)
    Total RW  Size (RW Data + ZI Data)            206584 ( 201.74kB)
    Total ROM Size (Code + RO Data + RW Data)      12028 (  11.75kB)

==============================================================================

